#
# There is insufficient memory for the Java Runtime Environment to continue.
# Native memory allocation (malloc) failed to allocate 42432 bytes. Error detail: Chunk::new
# Possible reasons:
#   The system is out of physical RAM or swap space
#   This process is running with CompressedOops enabled, and the Java Heap may be blocking the growth of the native heap
# Possible solutions:
#   Reduce memory load on the system
#   Increase physical memory or swap space
#   Check if swap backing store is full
#   Decrease Java heap size (-Xmx/-Xms)
#   Decrease number of Java threads
#   Decrease Java thread stack sizes (-Xss)
#   Set larger code cache with -XX:ReservedCodeCacheSize=
#   JVM is running with Unscaled Compressed Oops mode in which the Java heap is
#     placed in the first 4GB address space. The Java Heap base address is the
#     maximum limit for the native heap growth. Please use -XX:HeapBaseMinAddress
#     to set the Java Heap base and to place the Java Heap above 4GB virtual address.
# This output file may be truncated or incomplete.
#
#  Out of Memory Error (arena.cpp:168), pid=17048, tid=13184
#
# JRE version: OpenJDK Runtime Environment Corretto-21.0.4.7.1 (21.0.4+7) (build 21.0.4+7-LTS)
# Java VM: OpenJDK 64-Bit Server VM Corretto-21.0.4.7.1 (21.0.4+7-LTS, mixed mode, sharing, tiered, compressed oops, compressed class ptrs, g1 gc, windows-amd64)
# No core dump will be written. Minidumps are not enabled by default on client versions of Windows
#

---------------  S U M M A R Y ------------

Command Line: --add-opens=java.base/java.lang=ALL-UNNAMED --add-opens=java.base/java.lang.invoke=ALL-UNNAMED --add-opens=java.base/java.util=ALL-UNNAMED --add-opens=java.prefs/java.util.prefs=ALL-UNNAMED --add-exports=jdk.compiler/com.sun.tools.javac.api=ALL-UNNAMED --add-exports=jdk.compiler/com.sun.tools.javac.util=ALL-UNNAMED --add-opens=java.base/java.util=ALL-UNNAMED --add-opens=java.prefs/java.util.prefs=ALL-UNNAMED --add-opens=java.base/java.nio.charset=ALL-UNNAMED --add-opens=java.base/java.net=ALL-UNNAMED --add-opens=java.base/java.util.concurrent=ALL-UNNAMED --add-opens=java.base/java.util.concurrent.atomic=ALL-UNNAMED --add-opens=java.xml/javax.xml.namespace=ALL-UNNAMED --add-opens=java.base/java.time=ALL-UNNAMED -XX:MaxMetaspaceSize=512m -XX:+HeapDumpOnOutOfMemoryError -Xmx2048m -Dfile.encoding=UTF-8 -Duser.country=RU -Duser.language=ru -Duser.variant -javaagent:C:\Users\Nargiz\.gradle\wrapper\dists\gradle-9.2.1-bin\2t0n5ozlw9xmuyvbp7dnzaxug\gradle-9.2.1\lib\agents\gradle-instrumentation-agent-9.2.1.jar org.gradle.launcher.daemon.bootstrap.GradleDaemon 9.2.1

Host: 11th Gen Intel(R) Core(TM) i5-1135G7 @ 2.40GHz, 8 cores, 15G,  Windows 10 , 64 bit Build 19041 (10.0.19041.5915)
Time: Fri Feb 13 11:39:49 2026 RTZ 2 (s 10 , 64 bit Build 19041 (10.0.19041.5915) elapsed time: 28.032226 seconds (0d 0h 0m 28s)

---------------  T H R E A D  ---------------

Current thread (0x000001793786e820):  JavaThread "C2 CompilerThread1" daemon [_thread_in_native, id=13184, stack(0x0000001465900000,0x0000001465a00000) (1024K)]


Current CompileTask:
C2:  28032 14102       4       java.security.AccessControlContext::combine (205 bytes)

Stack: [0x0000001465900000,0x0000001465a00000]
Native frames: (J=compiled Java code, j=interpreted, Vv=VM code, C=native code)
V  [jvm.dll+0x6d83d9]
V  [jvm.dll+0x8b39f3]
V  [jvm.dll+0x8b5d4e]
V  [jvm.dll+0x8b6433]
V  [jvm.dll+0x285816]
V  [jvm.dll+0xc608d]
V  [jvm.dll+0xc65c3]
V  [jvm.dll+0x3bf09b]
V  [jvm.dll+0x1e455b]
V  [jvm.dll+0x24de04]
V  [jvm.dll+0x24d281]
V  [jvm.dll+0x1cbda4]
V  [jvm.dll+0x25c819]
V  [jvm.dll+0x25adcb]
V  [jvm.dll+0x3f9936]
V  [jvm.dll+0x85c768]
V  [jvm.dll+0x6d6bdd]
C  [ucrtbase.dll+0x21bb2]
C  [KERNEL32.DLL+0x17374]
C  [ntdll.dll+0x4cc91]


---------------  P R O C E S S  ---------------

Threads class SMR info:
_java_thread_list=0x000001795ca98200, length=52, elements={
0x000001791a7f2120, 0x00000179374b9000, 0x00000179374b9f20, 0x00000179374bd010,
0x00000179374c0a90, 0x00000179374c3500, 0x00000179374c6b20, 0x00000179374c78b0,
0x00000179374c8af0, 0x00000179375b9240, 0x0000017937835a70, 0x000001795883d240,
0x000001795887d0b0, 0x00000179588ed910, 0x00000179589d8380, 0x00000179589fa900,
0x0000017958a5d4a0, 0x0000017958a5ce10, 0x0000017958a5a6b0, 0x00000179597d6360,
0x00000179597d0780, 0x00000179597d3c00, 0x00000179597d00f0, 0x000001795b0cd890,
0x000001795b0caaa0, 0x000001795b0cdf20, 0x000001795b0ce5b0, 0x000001795bac1ea0,
0x0000017957cbb0d0, 0x0000017957cbcb10, 0x0000017957cbbdf0, 0x0000017957cc19d0,
0x0000017957cc2060, 0x0000017957cbebe0, 0x0000017957cbc480, 0x0000017957cbff90,
0x0000017957cc26f0, 0x0000017957cbb760, 0x0000017957cbd1a0, 0x000001795c945df0,
0x000001795c948550, 0x000001795cacc3c0, 0x000001795cacf840, 0x000001795cacca50,
0x000001795cacd0e0, 0x000001795cace490, 0x000001795caceb20, 0x000001795babcfe0,
0x000001795babf0b0, 0x000001795babd670, 0x000001793786e820, 0x000001795e7398a0
}

Java Threads: ( => current thread )
  0x000001791a7f2120 JavaThread "main"                              [_thread_blocked, id=776, stack(0x0000001462a00000,0x0000001462b00000) (1024K)]
  0x00000179374b9000 JavaThread "Reference Handler"          daemon [_thread_blocked, id=16388, stack(0x0000001463200000,0x0000001463300000) (1024K)]
  0x00000179374b9f20 JavaThread "Finalizer"                  daemon [_thread_blocked, id=11792, stack(0x0000001463300000,0x0000001463400000) (1024K)]
  0x00000179374bd010 JavaThread "Signal Dispatcher"          daemon [_thread_blocked, id=10872, stack(0x0000001463400000,0x0000001463500000) (1024K)]
  0x00000179374c0a90 JavaThread "Attach Listener"            daemon [_thread_blocked, id=11484, stack(0x0000001463500000,0x0000001463600000) (1024K)]
  0x00000179374c3500 JavaThread "Service Thread"             daemon [_thread_blocked, id=8468, stack(0x0000001463600000,0x0000001463700000) (1024K)]
  0x00000179374c6b20 JavaThread "Monitor Deflation Thread"   daemon [_thread_blocked, id=15892, stack(0x0000001463700000,0x0000001463800000) (1024K)]
  0x00000179374c78b0 JavaThread "C2 CompilerThread0"         daemon [_thread_in_native, id=16096, stack(0x0000001463800000,0x0000001463900000) (1024K)]
  0x00000179374c8af0 JavaThread "C1 CompilerThread0"         daemon [_thread_blocked, id=436, stack(0x0000001463900000,0x0000001463a00000) (1024K)]
  0x00000179375b9240 JavaThread "Common-Cleaner"             daemon [_thread_blocked, id=6640, stack(0x0000001463a00000,0x0000001463b00000) (1024K)]
  0x0000017937835a70 JavaThread "Notification Thread"        daemon [_thread_blocked, id=15572, stack(0x0000001463c00000,0x0000001463d00000) (1024K)]
  0x000001795883d240 JavaThread "Daemon health stats"               [_thread_blocked, id=3812, stack(0x0000001464300000,0x0000001464400000) (1024K)]
  0x000001795887d0b0 JavaThread "Incoming local TCP Connector on port 56184"        [_thread_in_native, id=14304, stack(0x0000001464400000,0x0000001464500000) (1024K)]
  0x00000179588ed910 JavaThread "Daemon periodic checks"            [_thread_blocked, id=1668, stack(0x0000001464500000,0x0000001464600000) (1024K)]
  0x00000179589d8380 JavaThread "Daemon"                            [_thread_blocked, id=11760, stack(0x0000001464800000,0x0000001464900000) (1024K)]
  0x00000179589fa900 JavaThread "Daemon worker"                     [_thread_in_Java, id=17448, stack(0x0000001464b00000,0x0000001464c00000) (1024K)]
  0x0000017958a5d4a0 JavaThread "Cache worker for journal cache (C:\Users\Nargiz\.gradle\caches\journal-1)"        [_thread_blocked, id=7924, stack(0x0000001464f00000,0x0000001465000000) (1024K)]
  0x0000017958a5ce10 JavaThread "File lock request listener"        [_thread_in_native, id=2200, stack(0x0000001465000000,0x0000001465100000) (1024K)]
  0x0000017958a5a6b0 JavaThread "Cache worker for file hash cache (C:\Users\Nargiz\.gradle\caches\9.2.1\fileHashes)"        [_thread_blocked, id=7180, stack(0x0000001465100000,0x0000001465200000) (1024K)]
  0x00000179597d6360 JavaThread "Cache worker for file content cache (C:\Users\Nargiz\.gradle\caches\9.2.1\fileContent)"        [_thread_blocked, id=11052, stack(0x0000001465600000,0x0000001465700000) (1024K)]
  0x00000179597d0780 JavaThread "jar transforms"                    [_thread_blocked, id=268, stack(0x0000001465b00000,0x0000001465c00000) (1024K)]
  0x00000179597d3c00 JavaThread "jar transforms Thread 2"           [_thread_blocked, id=13676, stack(0x0000001465c00000,0x0000001465d00000) (1024K)]
  0x00000179597d00f0 JavaThread "jar transforms Thread 3"           [_thread_blocked, id=8836, stack(0x0000001465d00000,0x0000001465e00000) (1024K)]
  0x000001795b0cd890 JavaThread "jar transforms Thread 4"           [_thread_blocked, id=18040, stack(0x0000001466c00000,0x0000001466d00000) (1024K)]
  0x000001795b0caaa0 JavaThread "jar transforms Thread 5"           [_thread_blocked, id=14172, stack(0x0000001463b00000,0x0000001463c00000) (1024K)]
  0x000001795b0cdf20 JavaThread "jar transforms Thread 6"           [_thread_blocked, id=7700, stack(0x0000001467400000,0x0000001467500000) (1024K)]
  0x000001795b0ce5b0 JavaThread "jar transforms Thread 7"           [_thread_blocked, id=5124, stack(0x0000001467500000,0x0000001467600000) (1024K)]
  0x000001795bac1ea0 JavaThread "jar transforms Thread 8"           [_thread_blocked, id=2288, stack(0x0000001467d00000,0x0000001467e00000) (1024K)]
  0x0000017957cbb0d0 JavaThread "Memory manager"                    [_thread_blocked, id=14796, stack(0x000000146a300000,0x000000146a400000) (1024K)]
  0x0000017957cbcb10 JavaThread "ForkJoinPool.commonPool-worker-1" daemon [_thread_blocked, id=16352, stack(0x000000146a400000,0x000000146a500000) (1024K)]
  0x0000017957cbbdf0 JavaThread "ForkJoinPool.commonPool-worker-2" daemon [_thread_blocked, id=16908, stack(0x000000146a500000,0x000000146a600000) (1024K)]
  0x0000017957cc19d0 JavaThread "ForkJoinPool.commonPool-worker-3" daemon [_thread_blocked, id=1512, stack(0x000000146a600000,0x000000146a700000) (1024K)]
  0x0000017957cc2060 JavaThread "ForkJoinPool.commonPool-worker-4" daemon [_thread_blocked, id=14860, stack(0x000000146a700000,0x000000146a800000) (1024K)]
  0x0000017957cbebe0 JavaThread "ForkJoinPool.commonPool-worker-5" daemon [_thread_blocked, id=18412, stack(0x000000146a800000,0x000000146a900000) (1024K)]
  0x0000017957cbc480 JavaThread "ForkJoinPool.commonPool-worker-6" daemon [_thread_blocked, id=14728, stack(0x000000146a900000,0x000000146aa00000) (1024K)]
  0x0000017957cbff90 JavaThread "ForkJoinPool.commonPool-worker-7" daemon [_thread_blocked, id=16152, stack(0x000000146aa00000,0x000000146ab00000) (1024K)]
  0x0000017957cc26f0 JavaThread "Exec process"               daemon [_thread_blocked, id=15548, stack(0x000000146ab00000,0x000000146ac00000) (1024K)]
  0x0000017957cbb760 JavaThread "Exec process Thread 2"      daemon [_thread_blocked, id=14072, stack(0x000000146ac00000,0x000000146ad00000) (1024K)]
  0x0000017957cbd1a0 JavaThread "Exec process Thread 3"      daemon [_thread_blocked, id=1144, stack(0x000000146ad00000,0x000000146ae00000) (1024K)]
  0x000001795c945df0 JavaThread "included builds"                   [_thread_blocked, id=4072, stack(0x000000146c100000,0x000000146c200000) (1024K)]
  0x000001795c948550 JavaThread "Cache worker for Java compile cache (C:\Users\Nargiz\.gradle\caches\9.2.1\javaCompile)"        [_thread_blocked, id=15584, stack(0x000000146ca00000,0x000000146cb00000) (1024K)]
  0x000001795cacc3c0 JavaThread "VFS cleanup"                       [_thread_blocked, id=15628, stack(0x0000001463d00000,0x0000001463e00000) (1024K)]
  0x000001795cacf840 JavaThread "Handler for socket connection from /127.0.0.1:56184 to /127.0.0.1:56229"        [_thread_in_native, id=17728, stack(0x0000001464900000,0x0000001464a00000) (1024K)]
  0x000001795cacca50 JavaThread "Cancel handler"                    [_thread_blocked, id=2580, stack(0x0000001464a00000,0x0000001464b00000) (1024K)]
  0x000001795cacd0e0 JavaThread "Asynchronous log dispatcher for DefaultDaemonConnection: socket connection from /127.0.0.1:56184 to /127.0.0.1:56229"        [_thread_blocked, id=2024, stack(0x0000001464c00000,0x0000001464d00000) (1024K)]
  0x000001795cace490 JavaThread "Stdin handler"                     [_thread_blocked, id=15028, stack(0x0000001464d00000,0x0000001464e00000) (1024K)]
  0x000001795caceb20 JavaThread "Daemon client event forwarder"        [_thread_blocked, id=1832, stack(0x0000001464e00000,0x0000001464f00000) (1024K)]
  0x000001795babcfe0 JavaThread "Cache worker for file hash cache (D:\UserFiles\Документы\GitHub\AP-exams\backend\.gradle\9.2.1\fileHashes)"        [_thread_blocked, id=18364, stack(0x0000001465300000,0x0000001465400000) (1024K)]
  0x000001795babf0b0 JavaThread "Cache worker for checksums cache (D:\UserFiles\Документы\GitHub\AP-exams\backend\.gradle\9.2.1\checksums)"        [_thread_blocked, id=18212, stack(0x0000001465400000,0x0000001465500000) (1024K)]
  0x000001795babd670 JavaThread "Cache worker for Build Output Cleanup Cache (D:\UserFiles\Документы\GitHub\AP-exams\backend\.gradle\buildOutputCleanup)"        [_thread_blocked, id=16112, stack(0x0000001465500000,0x0000001465600000) (1024K)]
=>0x000001793786e820 JavaThread "C2 CompilerThread1"         daemon [_thread_in_native, id=13184, stack(0x0000001465900000,0x0000001465a00000) (1024K)]
  0x000001795e7398a0 JavaThread "C2 CompilerThread2"         daemon [_thread_in_native, id=15208, stack(0x0000001465a00000,0x0000001465b00000) (1024K)]
Total: 52

Other Threads:
  0x000001793749bf80 VMThread "VM Thread"                           [id=13084, stack(0x0000001463100000,0x0000001463200000) (1024K)]
  0x000001793747f630 WatcherThread "VM Periodic Task Thread"        [id=5064, stack(0x0000001463000000,0x0000001463100000) (1024K)]
  0x000001791a847dd0 WorkerThread "GC Thread#0"                     [id=17348, stack(0x0000001462b00000,0x0000001462c00000) (1024K)]
  0x000001793781d660 WorkerThread "GC Thread#1"                     [id=3064, stack(0x0000001463e00000,0x0000001463f00000) (1024K)]
  0x000001793788ddd0 WorkerThread "GC Thread#2"                     [id=17376, stack(0x0000001463f00000,0x0000001464000000) (1024K)]
  0x00000179570d01e0 WorkerThread "GC Thread#3"                     [id=17940, stack(0x0000001464000000,0x0000001464100000) (1024K)]
  0x00000179570d0580 WorkerThread "GC Thread#4"                     [id=17244, stack(0x0000001464100000,0x0000001464200000) (1024K)]
  0x0000017957085770 WorkerThread "GC Thread#5"                     [id=10720, stack(0x0000001464200000,0x0000001464300000) (1024K)]
  0x0000017958bb6aa0 WorkerThread "GC Thread#6"                     [id=15432, stack(0x0000001464600000,0x0000001464700000) (1024K)]
  0x0000017958781860 WorkerThread "GC Thread#7"                     [id=4168, stack(0x0000001464700000,0x0000001464800000) (1024K)]
  0x000001791a85b290 ConcurrentGCThread "G1 Main Marker"            [id=15368, stack(0x0000001462c00000,0x0000001462d00000) (1024K)]
  0x000001791a85ccb0 WorkerThread "G1 Conc#0"                       [id=14360, stack(0x0000001462d00000,0x0000001462e00000) (1024K)]
  0x0000017958d70680 WorkerThread "G1 Conc#1"                       [id=7228, stack(0x0000001465200000,0x0000001465300000) (1024K)]
  0x0000017937354ab0 ConcurrentGCThread "G1 Refine#0"               [id=1052, stack(0x0000001462e00000,0x0000001462f00000) (1024K)]
  0x00000179373552d0 ConcurrentGCThread "G1 Service"                [id=1808, stack(0x0000001462f00000,0x0000001463000000) (1024K)]
Total: 15

Threads with active compile tasks:
C2 CompilerThread0    28051 14080 %     4       org.gradle.internal.logging.text.AbstractLineChoppingStyledTextOutput::doAppend @ 10 (43 bytes)
C1 CompilerThread0    28051 14132       3       org.gradle.internal.snapshot.ChildMapFactory::childMap (43 bytes)
C2 CompilerThread1    28051 14102       4       java.security.AccessControlContext::combine (205 bytes)
C2 CompilerThread2    28051 14115       4       sun.security.provider.SHA2::implDigest (98 bytes)
Total: 4

VM state: not at safepoint (normal execution)

VM Mutex/Monitor currently owned by a thread: None

Heap address: 0x0000000080000000, size: 2048 MB, Compressed Oops mode: 32-bit

CDS archive(s) mapped at: [0x0000017938000000-0x0000017938c90000-0x0000017938c90000), size 13172736, SharedBaseAddress: 0x0000017938000000, ArchiveRelocationMode: 1.
Compressed class space mapped at: 0x0000017939000000-0x0000017953000000, reserved size: 436207616
Narrow klass base: 0x0000017938000000, Narrow klass shift: 0, Narrow klass range: 0x100000000

GC Precious Log:
 CardTable entry size: 512
 Card Set container configuration: InlinePtr #cards 5 size 8 Array Of Cards #cards 12 size 40 Howl #buckets 4 coarsen threshold 1843 Howl Bitmap #cards 512 size 80 coarsen threshold 460 Card regions per heap region 1 cards per card region 2048
 CPUs: 8 total, 8 available
 Memory: 16183M
 Large Page Support: Disabled
 NUMA Support: Disabled
 Compressed Oops: Enabled (32-bit)
 Heap Region Size: 1M
 Heap Min Capacity: 8M
 Heap Initial Capacity: 254M
 Heap Max Capacity: 2G
 Pre-touch: Disabled
 Parallel Workers: 8
 Concurrent Workers: 2
 Concurrent Refinement Workers: 8
 Periodic GC: Disabled

Heap:
 garbage-first heap   total 211968K, used 156179K [0x0000000080000000, 0x0000000100000000)
  region size 1024K, 46 young (47104K), 2 survivors (2048K)
 Metaspace       used 82472K, committed 85312K, reserved 557056K
  class space    used 11648K, committed 13056K, reserved 425984K

Heap Regions: E=young(eden), S=young(survivor), O=old, HS=humongous(starts), HC=humongous(continues), CS=collection set, F=free, TAMS=top-at-mark-start, PB=parsable bottom
|   0|0x0000000080000000, 0x0000000080100000, 0x0000000080100000|100%|HS|  |TAMS 0x0000000080000000| PB 0x0000000080000000| Complete 
|   1|0x0000000080100000, 0x0000000080200000, 0x0000000080200000|100%|HC|  |TAMS 0x0000000080100000| PB 0x0000000080100000| Complete 
|   2|0x0000000080200000, 0x0000000080300000, 0x0000000080300000|100%|HC|  |TAMS 0x0000000080200000| PB 0x0000000080200000| Complete 
|   3|0x0000000080300000, 0x0000000080400000, 0x0000000080400000|100%|HC|  |TAMS 0x0000000080300000| PB 0x0000000080300000| Complete 
|   4|0x0000000080400000, 0x0000000080500000, 0x0000000080500000|100%| O|  |TAMS 0x0000000080400000| PB 0x0000000080400000| Untracked 
|   5|0x0000000080500000, 0x0000000080600000, 0x0000000080600000|100%| O|  |TAMS 0x0000000080500000| PB 0x0000000080500000| Untracked 
|   6|0x0000000080600000, 0x0000000080700000, 0x0000000080700000|100%| O|  |TAMS 0x0000000080600000| PB 0x0000000080600000| Untracked 
|   7|0x0000000080700000, 0x0000000080800000, 0x0000000080800000|100%|HS|  |TAMS 0x0000000080700000| PB 0x0000000080700000| Complete 
|   8|0x0000000080800000, 0x0000000080900000, 0x0000000080900000|100%| O|  |TAMS 0x0000000080800000| PB 0x0000000080800000| Untracked 
|   9|0x0000000080900000, 0x0000000080a00000, 0x0000000080a00000|100%| O|  |TAMS 0x0000000080900000| PB 0x0000000080900000| Untracked 
|  10|0x0000000080a00000, 0x0000000080b00000, 0x0000000080b00000|100%| O|  |TAMS 0x0000000080a00000| PB 0x0000000080a00000| Untracked 
|  11|0x0000000080b00000, 0x0000000080c00000, 0x0000000080c00000|100%| O|  |TAMS 0x0000000080b00000| PB 0x0000000080b00000| Untracked 
|  12|0x0000000080c00000, 0x0000000080d00000, 0x0000000080d00000|100%| O|  |TAMS 0x0000000080c00000| PB 0x0000000080c00000| Untracked 
|  13|0x0000000080d00000, 0x0000000080e00000, 0x0000000080e00000|100%| O|  |TAMS 0x0000000080d00000| PB 0x0000000080d00000| Untracked 
|  14|0x0000000080e00000, 0x0000000080f00000, 0x0000000080f00000|100%| O|  |TAMS 0x0000000080e00000| PB 0x0000000080e00000| Untracked 
|  15|0x0000000080f00000, 0x0000000081000000, 0x0000000081000000|100%| O|  |TAMS 0x0000000080f00000| PB 0x0000000080f00000| Untracked 
|  16|0x0000000081000000, 0x0000000081100000, 0x0000000081100000|100%| O|  |TAMS 0x0000000081000000| PB 0x0000000081000000| Untracked 
|  17|0x0000000081100000, 0x0000000081200000, 0x0000000081200000|100%| O|  |TAMS 0x0000000081100000| PB 0x0000000081100000| Untracked 
|  18|0x0000000081200000, 0x0000000081300000, 0x0000000081300000|100%| O|  |TAMS 0x0000000081200000| PB 0x0000000081200000| Untracked 
|  19|0x0000000081300000, 0x0000000081400000, 0x0000000081400000|100%| O|  |TAMS 0x0000000081300000| PB 0x0000000081300000| Untracked 
|  20|0x0000000081400000, 0x0000000081500000, 0x0000000081500000|100%| O|  |TAMS 0x0000000081400000| PB 0x0000000081400000| Untracked 
|  21|0x0000000081500000, 0x0000000081600000, 0x0000000081600000|100%| O|  |TAMS 0x0000000081500000| PB 0x0000000081500000| Untracked 
|  22|0x0000000081600000, 0x0000000081700000, 0x0000000081700000|100%| O|  |TAMS 0x0000000081600000| PB 0x0000000081600000| Untracked 
|  23|0x0000000081700000, 0x0000000081800000, 0x0000000081800000|100%| O|  |TAMS 0x0000000081700000| PB 0x0000000081700000| Untracked 
|  24|0x0000000081800000, 0x0000000081900000, 0x0000000081900000|100%| O|  |TAMS 0x0000000081800000| PB 0x0000000081800000| Untracked 
|  25|0x0000000081900000, 0x0000000081a00000, 0x0000000081a00000|100%| O|  |TAMS 0x0000000081900000| PB 0x0000000081900000| Untracked 
|  26|0x0000000081a00000, 0x0000000081b00000, 0x0000000081b00000|100%| O|  |TAMS 0x0000000081a00000| PB 0x0000000081a00000| Untracked 
|  27|0x0000000081b00000, 0x0000000081c00000, 0x0000000081c00000|100%| O|  |TAMS 0x0000000081b00000| PB 0x0000000081b00000| Untracked 
|  28|0x0000000081c00000, 0x0000000081d00000, 0x0000000081d00000|100%| O|  |TAMS 0x0000000081c00000| PB 0x0000000081c00000| Untracked 
|  29|0x0000000081d00000, 0x0000000081e00000, 0x0000000081e00000|100%| O|  |TAMS 0x0000000081d00000| PB 0x0000000081d00000| Untracked 
|  30|0x0000000081e00000, 0x0000000081f00000, 0x0000000081f00000|100%| O|  |TAMS 0x0000000081e00000| PB 0x0000000081e00000| Untracked 
|  31|0x0000000081f00000, 0x0000000082000000, 0x0000000082000000|100%|HS|  |TAMS 0x0000000081f00000| PB 0x0000000081f00000| Complete 
|  32|0x0000000082000000, 0x0000000082100000, 0x0000000082100000|100%|HC|  |TAMS 0x0000000082000000| PB 0x0000000082000000| Complete 
|  33|0x0000000082100000, 0x0000000082200000, 0x0000000082200000|100%| O|  |TAMS 0x0000000082100000| PB 0x0000000082100000| Untracked 
|  34|0x0000000082200000, 0x0000000082300000, 0x0000000082300000|100%| O|  |TAMS 0x0000000082200000| PB 0x0000000082200000| Untracked 
|  35|0x0000000082300000, 0x0000000082400000, 0x0000000082400000|100%| O|  |TAMS 0x0000000082300000| PB 0x0000000082300000| Untracked 
|  36|0x0000000082400000, 0x0000000082500000, 0x0000000082500000|100%| O|  |TAMS 0x0000000082400000| PB 0x0000000082400000| Untracked 
|  37|0x0000000082500000, 0x0000000082600000, 0x0000000082600000|100%| O|  |TAMS 0x0000000082500000| PB 0x0000000082500000| Untracked 
|  38|0x0000000082600000, 0x0000000082700000, 0x0000000082700000|100%| O|  |TAMS 0x0000000082600000| PB 0x0000000082600000| Untracked 
|  39|0x0000000082700000, 0x0000000082800000, 0x0000000082800000|100%| O|  |TAMS 0x0000000082700000| PB 0x0000000082700000| Untracked 
|  40|0x0000000082800000, 0x0000000082900000, 0x0000000082900000|100%| O|  |TAMS 0x0000000082800000| PB 0x0000000082800000| Untracked 
|  41|0x0000000082900000, 0x0000000082a00000, 0x0000000082a00000|100%| O|  |TAMS 0x0000000082900000| PB 0x0000000082900000| Untracked 
|  42|0x0000000082a00000, 0x0000000082b00000, 0x0000000082b00000|100%| O|  |TAMS 0x0000000082a00000| PB 0x0000000082a00000| Untracked 
|  43|0x0000000082b00000, 0x0000000082c00000, 0x0000000082c00000|100%| O|  |TAMS 0x0000000082b00000| PB 0x0000000082b00000| Untracked 
|  44|0x0000000082c00000, 0x0000000082d00000, 0x0000000082d00000|100%| O|  |TAMS 0x0000000082c00000| PB 0x0000000082c00000| Untracked 
|  45|0x0000000082d00000, 0x0000000082e00000, 0x0000000082e00000|100%| O|  |TAMS 0x0000000082d00000| PB 0x0000000082d00000| Untracked 
|  46|0x0000000082e00000, 0x0000000082f00000, 0x0000000082f00000|100%| O|  |TAMS 0x0000000082e00000| PB 0x0000000082e00000| Untracked 
|  47|0x0000000082f00000, 0x0000000083000000, 0x0000000083000000|100%| O|  |TAMS 0x0000000082f00000| PB 0x0000000082f00000| Untracked 
|  48|0x0000000083000000, 0x0000000083100000, 0x0000000083100000|100%| O|  |TAMS 0x0000000083000000| PB 0x0000000083000000| Untracked 
|  49|0x0000000083100000, 0x0000000083200000, 0x0000000083200000|100%| O|  |TAMS 0x0000000083100000| PB 0x0000000083100000| Untracked 
|  50|0x0000000083200000, 0x0000000083300000, 0x0000000083300000|100%| O|  |TAMS 0x0000000083200000| PB 0x0000000083200000| Untracked 
|  51|0x0000000083300000, 0x0000000083400000, 0x0000000083400000|100%| O|  |TAMS 0x0000000083300000| PB 0x0000000083300000| Untracked 
|  52|0x0000000083400000, 0x0000000083500000, 0x0000000083500000|100%| O|  |TAMS 0x0000000083400000| PB 0x0000000083400000| Untracked 
|  53|0x0000000083500000, 0x0000000083600000, 0x0000000083600000|100%| O|  |TAMS 0x0000000083500000| PB 0x0000000083500000| Untracked 
|  54|0x0000000083600000, 0x0000000083700000, 0x0000000083700000|100%| O|  |TAMS 0x0000000083600000| PB 0x0000000083600000| Untracked 
|  55|0x0000000083700000, 0x0000000083800000, 0x0000000083800000|100%| O|  |TAMS 0x0000000083700000| PB 0x0000000083700000| Untracked 
|  56|0x0000000083800000, 0x0000000083900000, 0x0000000083900000|100%| O|  |TAMS 0x0000000083800000| PB 0x0000000083800000| Untracked 
|  57|0x0000000083900000, 0x0000000083a00000, 0x0000000083a00000|100%| O|  |TAMS 0x0000000083900000| PB 0x0000000083900000| Untracked 
|  58|0x0000000083a00000, 0x0000000083b00000, 0x0000000083b00000|100%| O|  |TAMS 0x0000000083a00000| PB 0x0000000083a00000| Untracked 
|  59|0x0000000083b00000, 0x0000000083c00000, 0x0000000083c00000|100%| O|  |TAMS 0x0000000083b00000| PB 0x0000000083b00000| Untracked 
|  60|0x0000000083c00000, 0x0000000083d00000, 0x0000000083d00000|100%| O|  |TAMS 0x0000000083c00000| PB 0x0000000083c00000| Untracked 
|  61|0x0000000083d00000, 0x0000000083e00000, 0x0000000083e00000|100%| O|  |TAMS 0x0000000083d00000| PB 0x0000000083d00000| Untracked 
|  62|0x0000000083e00000, 0x0000000083f00000, 0x0000000083f00000|100%| O|  |TAMS 0x0000000083e00000| PB 0x0000000083e00000| Untracked 
|  63|0x0000000083f00000, 0x0000000084000000, 0x0000000084000000|100%| O|  |TAMS 0x0000000083f00000| PB 0x0000000083f00000| Untracked 
|  64|0x0000000084000000, 0x0000000084100000, 0x0000000084100000|100%| O|Cm|TAMS 0x0000000084000000| PB 0x0000000084000000| Complete 
|  65|0x0000000084100000, 0x0000000084200000, 0x0000000084200000|100%| O|  |TAMS 0x0000000084100000| PB 0x0000000084100000| Untracked 
|  66|0x0000000084200000, 0x0000000084300000, 0x0000000084300000|100%| O|Cm|TAMS 0x0000000084200000| PB 0x0000000084200000| Complete 
|  67|0x0000000084300000, 0x0000000084400000, 0x0000000084400000|100%| O|  |TAMS 0x0000000084300000| PB 0x0000000084300000| Untracked 
|  68|0x0000000084400000, 0x0000000084500000, 0x0000000084500000|100%| O|Cm|TAMS 0x0000000084400000| PB 0x0000000084400000| Complete 
|  69|0x0000000084500000, 0x0000000084600000, 0x0000000084600000|100%| O|  |TAMS 0x0000000084500000| PB 0x0000000084500000| Untracked 
|  70|0x0000000084600000, 0x0000000084700000, 0x0000000084700000|100%| O|  |TAMS 0x0000000084600000| PB 0x0000000084600000| Untracked 
|  71|0x0000000084700000, 0x0000000084800000, 0x0000000084800000|100%| O|  |TAMS 0x0000000084700000| PB 0x0000000084700000| Untracked 
|  72|0x0000000084800000, 0x0000000084900000, 0x0000000084900000|100%| O|  |TAMS 0x0000000084800000| PB 0x0000000084800000| Untracked 
|  73|0x0000000084900000, 0x0000000084a00000, 0x0000000084a00000|100%| O|  |TAMS 0x0000000084900000| PB 0x0000000084900000| Untracked 
|  74|0x0000000084a00000, 0x0000000084b00000, 0x0000000084b00000|100%| O|  |TAMS 0x0000000084a00000| PB 0x0000000084a00000| Untracked 
|  75|0x0000000084b00000, 0x0000000084c00000, 0x0000000084c00000|100%| O|  |TAMS 0x0000000084b00000| PB 0x0000000084b00000| Untracked 
|  76|0x0000000084c00000, 0x0000000084d00000, 0x0000000084d00000|100%| O|  |TAMS 0x0000000084c00000| PB 0x0000000084c00000| Untracked 
|  77|0x0000000084d00000, 0x0000000084e00000, 0x0000000084e00000|100%| O|  |TAMS 0x0000000084d00000| PB 0x0000000084d00000| Untracked 
|  78|0x0000000084e00000, 0x0000000084f00000, 0x0000000084f00000|100%| O|  |TAMS 0x0000000084e00000| PB 0x0000000084e00000| Untracked 
|  79|0x0000000084f00000, 0x0000000085000000, 0x0000000085000000|100%| O|  |TAMS 0x0000000084f00000| PB 0x0000000084f00000| Untracked 
|  80|0x0000000085000000, 0x0000000085100000, 0x0000000085100000|100%|HS|  |TAMS 0x0000000085000000| PB 0x0000000085000000| Complete 
|  81|0x0000000085100000, 0x0000000085200000, 0x0000000085200000|100%| O|  |TAMS 0x0000000085100000| PB 0x0000000085100000| Untracked 
|  82|0x0000000085200000, 0x0000000085300000, 0x0000000085300000|100%| O|  |TAMS 0x0000000085200000| PB 0x0000000085200000| Untracked 
|  83|0x0000000085300000, 0x0000000085400000, 0x0000000085400000|100%| O|  |TAMS 0x0000000085300000| PB 0x0000000085300000| Untracked 
|  84|0x0000000085400000, 0x0000000085500000, 0x0000000085500000|100%| O|  |TAMS 0x0000000085400000| PB 0x0000000085400000| Untracked 
|  85|0x0000000085500000, 0x0000000085600000, 0x0000000085600000|100%| O|  |TAMS 0x0000000085500000| PB 0x0000000085500000| Untracked 
|  86|0x0000000085600000, 0x0000000085700000, 0x0000000085700000|100%| O|  |TAMS 0x0000000085600000| PB 0x0000000085600000| Untracked 
|  87|0x0000000085700000, 0x0000000085800000, 0x0000000085800000|100%| O|  |TAMS 0x0000000085700000| PB 0x0000000085700000| Untracked 
|  88|0x0000000085800000, 0x0000000085900000, 0x0000000085900000|100%| O|  |TAMS 0x0000000085800000| PB 0x0000000085800000| Untracked 
|  89|0x0000000085900000, 0x0000000085a00000, 0x0000000085a00000|100%| O|  |TAMS 0x0000000085900000| PB 0x0000000085900000| Untracked 
|  90|0x0000000085a00000, 0x0000000085b00000, 0x0000000085b00000|100%| O|  |TAMS 0x0000000085a00000| PB 0x0000000085a00000| Untracked 
|  91|0x0000000085b00000, 0x0000000085c00000, 0x0000000085c00000|100%| O|  |TAMS 0x0000000085b00000| PB 0x0000000085b00000| Untracked 
|  92|0x0000000085c00000, 0x0000000085d00000, 0x0000000085d00000|100%| O|  |TAMS 0x0000000085c00000| PB 0x0000000085c00000| Untracked 
|  93|0x0000000085d00000, 0x0000000085e00000, 0x0000000085e00000|100%| O|  |TAMS 0x0000000085d00000| PB 0x0000000085d00000| Untracked 
|  94|0x0000000085e00000, 0x0000000085f00000, 0x0000000085f00000|100%| O|  |TAMS 0x0000000085e00000| PB 0x0000000085e00000| Untracked 
|  95|0x0000000085f00000, 0x0000000086000000, 0x0000000086000000|100%| O|  |TAMS 0x0000000085f00000| PB 0x0000000085f00000| Untracked 
|  96|0x0000000086000000, 0x0000000086100000, 0x0000000086100000|100%| O|  |TAMS 0x0000000086000000| PB 0x0000000086000000| Untracked 
|  97|0x0000000086100000, 0x0000000086200000, 0x0000000086200000|100%| O|  |TAMS 0x0000000086100000| PB 0x0000000086100000| Untracked 
|  98|0x0000000086200000, 0x0000000086300000, 0x0000000086300000|100%| O|  |TAMS 0x0000000086200000| PB 0x0000000086200000| Untracked 
|  99|0x0000000086300000, 0x0000000086400000, 0x0000000086400000|100%| O|  |TAMS 0x0000000086300000| PB 0x0000000086300000| Untracked 
| 100|0x0000000086400000, 0x0000000086500000, 0x0000000086500000|100%| O|  |TAMS 0x0000000086400000| PB 0x0000000086400000| Untracked 
| 101|0x0000000086500000, 0x0000000086600000, 0x0000000086600000|100%| O|  |TAMS 0x0000000086500000| PB 0x0000000086500000| Untracked 
| 102|0x0000000086600000, 0x0000000086700000, 0x0000000086700000|100%| O|  |TAMS 0x0000000086600000| PB 0x0000000086600000| Untracked 
| 103|0x0000000086700000, 0x0000000086800000, 0x0000000086800000|100%| O|  |TAMS 0x0000000086700000| PB 0x0000000086700000| Untracked 
| 104|0x0000000086800000, 0x0000000086900000, 0x0000000086900000|100%| O|Cm|TAMS 0x0000000086800000| PB 0x0000000086800000| Complete 
| 105|0x0000000086900000, 0x0000000086a00000, 0x0000000086a00000|100%| O|  |TAMS 0x0000000086900000| PB 0x0000000086900000| Untracked 
| 106|0x0000000086a00000, 0x0000000086aeed68, 0x0000000086b00000| 93%| O|  |TAMS 0x0000000086a00000| PB 0x0000000086a00000| Untracked 
| 107|0x0000000086b00000, 0x0000000086b00000, 0x0000000086c00000|  0%| F|  |TAMS 0x0000000086b00000| PB 0x0000000086b00000| Untracked 
| 108|0x0000000086c00000, 0x0000000086c00000, 0x0000000086d00000|  0%| F|  |TAMS 0x0000000086c00000| PB 0x0000000086c00000| Untracked 
| 109|0x0000000086d00000, 0x0000000086d00000, 0x0000000086e00000|  0%| F|  |TAMS 0x0000000086d00000| PB 0x0000000086d00000| Untracked 
| 110|0x0000000086e00000, 0x0000000086e00000, 0x0000000086f00000|  0%| F|  |TAMS 0x0000000086e00000| PB 0x0000000086e00000| Untracked 
| 111|0x0000000086f00000, 0x0000000086f00000, 0x0000000087000000|  0%| F|  |TAMS 0x0000000086f00000| PB 0x0000000086f00000| Untracked 
| 112|0x0000000087000000, 0x0000000087000000, 0x0000000087100000|  0%| F|  |TAMS 0x0000000087000000| PB 0x0000000087000000| Untracked 
| 113|0x0000000087100000, 0x0000000087100000, 0x0000000087200000|  0%| F|  |TAMS 0x0000000087100000| PB 0x0000000087100000| Untracked 
| 114|0x0000000087200000, 0x0000000087200000, 0x0000000087300000|  0%| F|  |TAMS 0x0000000087200000| PB 0x0000000087200000| Untracked 
| 115|0x0000000087300000, 0x0000000087300000, 0x0000000087400000|  0%| F|  |TAMS 0x0000000087300000| PB 0x0000000087300000| Untracked 
| 116|0x0000000087400000, 0x0000000087400000, 0x0000000087500000|  0%| F|  |TAMS 0x0000000087400000| PB 0x0000000087400000| Untracked 
| 117|0x0000000087500000, 0x0000000087500000, 0x0000000087600000|  0%| F|  |TAMS 0x0000000087500000| PB 0x0000000087500000| Untracked 
| 118|0x0000000087600000, 0x0000000087600000, 0x0000000087700000|  0%| F|  |TAMS 0x0000000087600000| PB 0x0000000087600000| Untracked 
| 119|0x0000000087700000, 0x0000000087700000, 0x0000000087800000|  0%| F|  |TAMS 0x0000000087700000| PB 0x0000000087700000| Untracked 
| 120|0x0000000087800000, 0x0000000087800000, 0x0000000087900000|  0%| F|  |TAMS 0x0000000087800000| PB 0x0000000087800000| Untracked 
| 121|0x0000000087900000, 0x0000000087900000, 0x0000000087a00000|  0%| F|  |TAMS 0x0000000087900000| PB 0x0000000087900000| Untracked 
| 122|0x0000000087a00000, 0x0000000087a00000, 0x0000000087b00000|  0%| F|  |TAMS 0x0000000087a00000| PB 0x0000000087a00000| Untracked 
| 123|0x0000000087b00000, 0x0000000087b961f8, 0x0000000087c00000| 58%| S|CS|TAMS 0x0000000087b00000| PB 0x0000000087b00000| Complete 
| 124|0x0000000087c00000, 0x0000000087d00000, 0x0000000087d00000|100%| S|CS|TAMS 0x0000000087c00000| PB 0x0000000087c00000| Complete 
| 125|0x0000000087d00000, 0x0000000087d00000, 0x0000000087e00000|  0%| F|  |TAMS 0x0000000087d00000| PB 0x0000000087d00000| Untracked 
| 126|0x0000000087e00000, 0x0000000087e00000, 0x0000000087f00000|  0%| F|  |TAMS 0x0000000087e00000| PB 0x0000000087e00000| Untracked 
| 127|0x0000000087f00000, 0x0000000087f00000, 0x0000000088000000|  0%| F|  |TAMS 0x0000000087f00000| PB 0x0000000087f00000| Untracked 
| 128|0x0000000088000000, 0x0000000088000000, 0x0000000088100000|  0%| F|  |TAMS 0x0000000088000000| PB 0x0000000088000000| Untracked 
| 129|0x0000000088100000, 0x0000000088100000, 0x0000000088200000|  0%| F|  |TAMS 0x0000000088100000| PB 0x0000000088100000| Untracked 
| 130|0x0000000088200000, 0x0000000088200000, 0x0000000088300000|  0%| F|  |TAMS 0x0000000088200000| PB 0x0000000088200000| Untracked 
| 131|0x0000000088300000, 0x0000000088300000, 0x0000000088400000|  0%| F|  |TAMS 0x0000000088300000| PB 0x0000000088300000| Untracked 
| 132|0x0000000088400000, 0x0000000088400000, 0x0000000088500000|  0%| F|  |TAMS 0x0000000088400000| PB 0x0000000088400000| Untracked 
| 133|0x0000000088500000, 0x0000000088500000, 0x0000000088600000|  0%| F|  |TAMS 0x0000000088500000| PB 0x0000000088500000| Untracked 
| 134|0x0000000088600000, 0x0000000088600000, 0x0000000088700000|  0%| F|  |TAMS 0x0000000088600000| PB 0x0000000088600000| Untracked 
| 135|0x0000000088700000, 0x0000000088700000, 0x0000000088800000|  0%| F|  |TAMS 0x0000000088700000| PB 0x0000000088700000| Untracked 
| 136|0x0000000088800000, 0x0000000088800000, 0x0000000088900000|  0%| F|  |TAMS 0x0000000088800000| PB 0x0000000088800000| Untracked 
| 137|0x0000000088900000, 0x0000000088900000, 0x0000000088a00000|  0%| F|  |TAMS 0x0000000088900000| PB 0x0000000088900000| Untracked 
| 138|0x0000000088a00000, 0x0000000088a00000, 0x0000000088b00000|  0%| F|  |TAMS 0x0000000088a00000| PB 0x0000000088a00000| Untracked 
| 139|0x0000000088b00000, 0x0000000088b00000, 0x0000000088c00000|  0%| F|  |TAMS 0x0000000088b00000| PB 0x0000000088b00000| Untracked 
| 140|0x0000000088c00000, 0x0000000088c00000, 0x0000000088d00000|  0%| F|  |TAMS 0x0000000088c00000| PB 0x0000000088c00000| Untracked 
| 141|0x0000000088d00000, 0x0000000088d00000, 0x0000000088e00000|  0%| F|  |TAMS 0x0000000088d00000| PB 0x0000000088d00000| Untracked 
| 142|0x0000000088e00000, 0x0000000088e00000, 0x0000000088f00000|  0%| F|  |TAMS 0x0000000088e00000| PB 0x0000000088e00000| Untracked 
| 143|0x0000000088f00000, 0x0000000088f00000, 0x0000000089000000|  0%| F|  |TAMS 0x0000000088f00000| PB 0x0000000088f00000| Untracked 
| 144|0x0000000089000000, 0x0000000089000000, 0x0000000089100000|  0%| F|  |TAMS 0x0000000089000000| PB 0x0000000089000000| Untracked 
| 145|0x0000000089100000, 0x0000000089100000, 0x0000000089200000|  0%| F|  |TAMS 0x0000000089100000| PB 0x0000000089100000| Untracked 
| 146|0x0000000089200000, 0x0000000089200000, 0x0000000089300000|  0%| F|  |TAMS 0x0000000089200000| PB 0x0000000089200000| Untracked 
| 147|0x0000000089300000, 0x0000000089300000, 0x0000000089400000|  0%| F|  |TAMS 0x0000000089300000| PB 0x0000000089300000| Untracked 
| 148|0x0000000089400000, 0x0000000089400000, 0x0000000089500000|  0%| F|  |TAMS 0x0000000089400000| PB 0x0000000089400000| Untracked 
| 149|0x0000000089500000, 0x0000000089500000, 0x0000000089600000|  0%| F|  |TAMS 0x0000000089500000| PB 0x0000000089500000| Untracked 
| 150|0x0000000089600000, 0x0000000089600000, 0x0000000089700000|  0%| F|  |TAMS 0x0000000089600000| PB 0x0000000089600000| Untracked 
| 151|0x0000000089700000, 0x0000000089700000, 0x0000000089800000|  0%| F|  |TAMS 0x0000000089700000| PB 0x0000000089700000| Untracked 
| 152|0x0000000089800000, 0x0000000089800000, 0x0000000089900000|  0%| F|  |TAMS 0x0000000089800000| PB 0x0000000089800000| Untracked 
| 153|0x0000000089900000, 0x0000000089900000, 0x0000000089a00000|  0%| F|  |TAMS 0x0000000089900000| PB 0x0000000089900000| Untracked 
| 154|0x0000000089a00000, 0x0000000089a00000, 0x0000000089b00000|  0%| F|  |TAMS 0x0000000089a00000| PB 0x0000000089a00000| Untracked 
| 155|0x0000000089b00000, 0x0000000089b00000, 0x0000000089c00000|  0%| F|  |TAMS 0x0000000089b00000| PB 0x0000000089b00000| Untracked 
| 156|0x0000000089c00000, 0x0000000089c00000, 0x0000000089d00000|  0%| F|  |TAMS 0x0000000089c00000| PB 0x0000000089c00000| Untracked 
| 157|0x0000000089d00000, 0x0000000089d00000, 0x0000000089e00000|  0%| F|  |TAMS 0x0000000089d00000| PB 0x0000000089d00000| Untracked 
| 158|0x0000000089e00000, 0x0000000089e00000, 0x0000000089f00000|  0%| F|  |TAMS 0x0000000089e00000| PB 0x0000000089e00000| Untracked 
| 159|0x0000000089f00000, 0x0000000089f00000, 0x000000008a000000|  0%| F|  |TAMS 0x0000000089f00000| PB 0x0000000089f00000| Untracked 
| 160|0x000000008a000000, 0x000000008a000000, 0x000000008a100000|  0%| F|  |TAMS 0x000000008a000000| PB 0x000000008a000000| Untracked 
| 161|0x000000008a100000, 0x000000008a100000, 0x000000008a200000|  0%| F|  |TAMS 0x000000008a100000| PB 0x000000008a100000| Untracked 
| 162|0x000000008a200000, 0x000000008a2da7b0, 0x000000008a300000| 85%| E|  |TAMS 0x000000008a200000| PB 0x000000008a200000| Complete 
| 163|0x000000008a300000, 0x000000008a400000, 0x000000008a400000|100%| E|CS|TAMS 0x000000008a300000| PB 0x000000008a300000| Complete 
| 164|0x000000008a400000, 0x000000008a500000, 0x000000008a500000|100%| E|CS|TAMS 0x000000008a400000| PB 0x000000008a400000| Complete 
| 165|0x000000008a500000, 0x000000008a600000, 0x000000008a600000|100%| E|CS|TAMS 0x000000008a500000| PB 0x000000008a500000| Complete 
| 166|0x000000008a600000, 0x000000008a700000, 0x000000008a700000|100%| E|CS|TAMS 0x000000008a600000| PB 0x000000008a600000| Complete 
| 167|0x000000008a700000, 0x000000008a800000, 0x000000008a800000|100%| E|CS|TAMS 0x000000008a700000| PB 0x000000008a700000| Complete 
| 168|0x000000008a800000, 0x000000008a900000, 0x000000008a900000|100%| E|CS|TAMS 0x000000008a800000| PB 0x000000008a800000| Complete 
| 169|0x000000008a900000, 0x000000008aa00000, 0x000000008aa00000|100%| E|CS|TAMS 0x000000008a900000| PB 0x000000008a900000| Complete 
| 170|0x000000008aa00000, 0x000000008ab00000, 0x000000008ab00000|100%| E|CS|TAMS 0x000000008aa00000| PB 0x000000008aa00000| Complete 
| 171|0x000000008ab00000, 0x000000008ac00000, 0x000000008ac00000|100%| E|CS|TAMS 0x000000008ab00000| PB 0x000000008ab00000| Complete 
| 172|0x000000008ac00000, 0x000000008ad00000, 0x000000008ad00000|100%| E|CS|TAMS 0x000000008ac00000| PB 0x000000008ac00000| Complete 
| 173|0x000000008ad00000, 0x000000008ae00000, 0x000000008ae00000|100%| E|CS|TAMS 0x000000008ad00000| PB 0x000000008ad00000| Complete 
| 174|0x000000008ae00000, 0x000000008af00000, 0x000000008af00000|100%| E|CS|TAMS 0x000000008ae00000| PB 0x000000008ae00000| Complete 
| 175|0x000000008af00000, 0x000000008b000000, 0x000000008b000000|100%| E|CS|TAMS 0x000000008af00000| PB 0x000000008af00000| Complete 
| 176|0x000000008b000000, 0x000000008b100000, 0x000000008b100000|100%| E|CS|TAMS 0x000000008b000000| PB 0x000000008b000000| Complete 
| 177|0x000000008b100000, 0x000000008b200000, 0x000000008b200000|100%| E|CS|TAMS 0x000000008b100000| PB 0x000000008b100000| Complete 
| 178|0x000000008b200000, 0x000000008b300000, 0x000000008b300000|100%| E|CS|TAMS 0x000000008b200000| PB 0x000000008b200000| Complete 
| 179|0x000000008b300000, 0x000000008b400000, 0x000000008b400000|100%| E|CS|TAMS 0x000000008b300000| PB 0x000000008b300000| Complete 
| 180|0x000000008b400000, 0x000000008b500000, 0x000000008b500000|100%| E|CS|TAMS 0x000000008b400000| PB 0x000000008b400000| Complete 
| 181|0x000000008b500000, 0x000000008b600000, 0x000000008b600000|100%| E|CS|TAMS 0x000000008b500000| PB 0x000000008b500000| Complete 
| 182|0x000000008b600000, 0x000000008b700000, 0x000000008b700000|100%| E|CS|TAMS 0x000000008b600000| PB 0x000000008b600000| Complete 
| 183|0x000000008b700000, 0x000000008b800000, 0x000000008b800000|100%| E|CS|TAMS 0x000000008b700000| PB 0x000000008b700000| Complete 
| 184|0x000000008b800000, 0x000000008b900000, 0x000000008b900000|100%| E|CS|TAMS 0x000000008b800000| PB 0x000000008b800000| Complete 
| 185|0x000000008b900000, 0x000000008ba00000, 0x000000008ba00000|100%| E|CS|TAMS 0x000000008b900000| PB 0x000000008b900000| Complete 
| 186|0x000000008ba00000, 0x000000008bb00000, 0x000000008bb00000|100%| E|CS|TAMS 0x000000008ba00000| PB 0x000000008ba00000| Complete 
| 187|0x000000008bb00000, 0x000000008bc00000, 0x000000008bc00000|100%| E|CS|TAMS 0x000000008bb00000| PB 0x000000008bb00000| Complete 
| 188|0x000000008bc00000, 0x000000008bd00000, 0x000000008bd00000|100%| E|CS|TAMS 0x000000008bc00000| PB 0x000000008bc00000| Complete 
| 189|0x000000008bd00000, 0x000000008be00000, 0x000000008be00000|100%| E|CS|TAMS 0x000000008bd00000| PB 0x000000008bd00000| Complete 
| 190|0x000000008be00000, 0x000000008bf00000, 0x000000008bf00000|100%| E|CS|TAMS 0x000000008be00000| PB 0x000000008be00000| Complete 
| 191|0x000000008bf00000, 0x000000008c000000, 0x000000008c000000|100%| E|CS|TAMS 0x000000008bf00000| PB 0x000000008bf00000| Complete 
| 192|0x000000008c000000, 0x000000008c100000, 0x000000008c100000|100%| E|CS|TAMS 0x000000008c000000| PB 0x000000008c000000| Complete 
| 193|0x000000008c100000, 0x000000008c200000, 0x000000008c200000|100%| E|CS|TAMS 0x000000008c100000| PB 0x000000008c100000| Complete 
| 194|0x000000008c200000, 0x000000008c300000, 0x000000008c300000|100%| E|CS|TAMS 0x000000008c200000| PB 0x000000008c200000| Complete 
| 195|0x000000008c300000, 0x000000008c400000, 0x000000008c400000|100%| E|CS|TAMS 0x000000008c300000| PB 0x000000008c300000| Complete 
| 196|0x000000008c400000, 0x000000008c500000, 0x000000008c500000|100%| E|CS|TAMS 0x000000008c400000| PB 0x000000008c400000| Complete 
| 197|0x000000008c500000, 0x000000008c600000, 0x000000008c600000|100%| E|CS|TAMS 0x000000008c500000| PB 0x000000008c500000| Complete 
| 198|0x000000008c600000, 0x000000008c700000, 0x000000008c700000|100%| E|CS|TAMS 0x000000008c600000| PB 0x000000008c600000| Complete 
| 199|0x000000008c700000, 0x000000008c800000, 0x000000008c800000|100%| E|CS|TAMS 0x000000008c700000| PB 0x000000008c700000| Complete 
| 200|0x000000008c800000, 0x000000008c900000, 0x000000008c900000|100%| E|CS|TAMS 0x000000008c800000| PB 0x000000008c800000| Complete 
| 201|0x000000008c900000, 0x000000008ca00000, 0x000000008ca00000|100%| E|CS|TAMS 0x000000008c900000| PB 0x000000008c900000| Complete 
| 202|0x000000008ca00000, 0x000000008cb00000, 0x000000008cb00000|100%| E|CS|TAMS 0x000000008ca00000| PB 0x000000008ca00000| Complete 
| 203|0x000000008cb00000, 0x000000008cc00000, 0x000000008cc00000|100%| E|CS|TAMS 0x000000008cb00000| PB 0x000000008cb00000| Complete 
| 253|0x000000008fd00000, 0x000000008fe00000, 0x000000008fe00000|100%| E|CS|TAMS 0x000000008fd00000| PB 0x000000008fd00000| Complete 
|2046|0x00000000ffe00000, 0x00000000fff00000, 0x00000000fff00000|100%| O|  |TAMS 0x00000000ffe00000| PB 0x00000000ffe00000| Untracked 
|2047|0x00000000fff00000, 0x0000000100000000, 0x0000000100000000|100%| E|CS|TAMS 0x00000000fff00000| PB 0x00000000fff00000| Complete 

Card table byte_map: [0x0000017932610000,0x0000017932a10000] _byte_map_base: 0x0000017932210000

Marking Bits: (CMBitMap*) 0x000001791a8483e0
 Bits: [0x0000017932a10000, 0x0000017934a10000)

Polling page: 0x00000179187a0000

Metaspace:

Usage:
  Non-class:     69.17 MB used.
      Class:     11.38 MB used.
       Both:     80.54 MB used.

Virtual space:
  Non-class space:      128.00 MB reserved,      70.56 MB ( 55%) committed,  2 nodes.
      Class space:      416.00 MB reserved,      12.75 MB (  3%) committed,  1 nodes.
             Both:      544.00 MB reserved,      83.31 MB ( 15%) committed. 

Chunk freelists:
   Non-Class:  9.11 MB
       Class:  3.29 MB
        Both:  12.40 MB

MaxMetaspaceSize: 512.00 MB
CompressedClassSpaceSize: 416.00 MB
Initial GC threshold: 21.00 MB
Current GC threshold: 135.44 MB
CDS: on
 - commit_granule_bytes: 65536.
 - commit_granule_words: 8192.
 - virtual_space_node_default_size: 8388608.
 - enlarge_chunks_in_place: 1.
 - use_allocation_guard: 0.


Internal statistics:

num_allocs_failed_limit: 9.
num_arena_births: 4978.
num_arena_deaths: 2.
num_vsnodes_births: 3.
num_vsnodes_deaths: 0.
num_space_committed: 1333.
num_space_uncommitted: 0.
num_chunks_returned_to_freelist: 12.
num_chunks_taken_from_freelist: 9352.
num_chunk_merges: 9.
num_chunk_splits: 5907.
num_chunks_enlarged: 3420.
num_inconsistent_stats: 0.

CodeHeap 'non-profiled nmethods': size=120000Kb used=8179Kb max_used=8179Kb free=111820Kb
 bounds [0x000001792a9b0000, 0x000001792b1b0000, 0x0000017931ee0000]
CodeHeap 'profiled nmethods': size=120000Kb used=23184Kb max_used=23184Kb free=96815Kb
 bounds [0x0000017922ee0000, 0x0000017924590000, 0x000001792a410000]
CodeHeap 'non-nmethods': size=5760Kb used=2317Kb max_used=2375Kb free=3442Kb
 bounds [0x000001792a410000, 0x000001792a680000, 0x000001792a9b0000]
 total_blobs=12785 nmethods=11970 adapters=719
 compilation: enabled
              stopped_count=0, restarted_count=0
 full_count=0

Compilation events (20 events):
Event: 28.020 Thread 0x00000179374c8af0 14099       3       org.gradle.internal.event.DefaultListenerManager$EventBroadcast::initAllWithNoLogger (57 bytes)
Event: 28.020 Thread 0x00000179374c8af0 nmethod 14099 0x0000017923809d10 code [0x0000017923809f40, 0x000001792380a6c8]
Event: 28.020 Thread 0x00000179374c8af0 14100   !   3       java.util.Collections$SynchronizedMap::get (25 bytes)
Event: 28.020 Thread 0x00000179374c8af0 nmethod 14100 0x0000017923809710 code [0x00000179238098c0, 0x0000017923809b88]
Event: 28.021 Thread 0x00000179374c8af0 14101       1       org.gradle.cache.IndexedCacheParameters::getCacheName (5 bytes)
Event: 28.021 Thread 0x00000179374c8af0 nmethod 14101 0x000001792b1a9c10 code [0x000001792b1a9da0, 0x000001792b1a9e68]
Event: 28.022 Thread 0x00000179374c8af0 14103       2       jdk.internal.reflect.DirectMethodHandleAccessor::invokeImpl (108 bytes)
Event: 28.023 Thread 0x00000179374c8af0 nmethod 14103 0x0000017923808710 code [0x00000179238089c0, 0x0000017923809088]
Event: 28.023 Thread 0x00000179374c8af0 14104   !   3       jdk.internal.reflect.DirectMethodHandleAccessor::invoke (92 bytes)
Event: 28.023 Thread 0x000001793786e820 14102       4       java.security.AccessControlContext::combine (205 bytes)
Event: 28.024 Thread 0x00000179374c8af0 nmethod 14104 0x000001792437db10 code [0x000001792437e020, 0x00000179243801f8]
Event: 28.027 Thread 0x00000179374c8af0 14107       3       sun.security.provider.SHA2::implDigest (98 bytes)
Event: 28.027 Thread 0x00000179374c8af0 nmethod 14107 0x0000017924377e10 code [0x0000017924378120, 0x0000017924379278]
Event: 28.028 Thread 0x00000179374c8af0 14109       3       javax.crypto.Mac::doFinal (38 bytes)
Event: 28.028 Thread 0x000001795e7398a0 14106       4       java.security.MessageDigest::update (14 bytes)
Event: 28.028 Thread 0x00000179374c8af0 nmethod 14109 0x0000017923807b10 code [0x0000017923807d20, 0x0000017923808430]
Event: 28.028 Thread 0x00000179374c8af0 14110       3       javax.crypto.Mac::update (37 bytes)
Event: 28.029 Thread 0x00000179374c8af0 nmethod 14110 0x0000017924377190 code [0x00000179243773a0, 0x0000017924377b48]
Event: 28.029 Thread 0x00000179374c8af0 14111   !   3       com.sun.crypto.provider.HmacCore::engineDoFinal (78 bytes)
Event: 28.029 Thread 0x00000179374c8af0 nmethod 14111 0x0000017924375a90 code [0x0000017924375d00, 0x0000017924376b70]

GC Heap History (20 events):
Event: 9.340 GC heap before
{Heap before GC invocations=21 (full 0):
 garbage-first heap   total 106496K, used 94324K [0x0000000080000000, 0x0000000100000000)
  region size 1024K, 33 young (33792K), 5 survivors (5120K)
 Metaspace       used 64898K, committed 67392K, reserved 491520K
  class space    used 9315K, committed 10560K, reserved 425984K
}
Event: 9.344 GC heap after
{Heap after GC invocations=22 (full 0):
 garbage-first heap   total 106496K, used 67755K [0x0000000080000000, 0x0000000100000000)
  region size 1024K, 3 young (3072K), 3 survivors (3072K)
 Metaspace       used 64898K, committed 67392K, reserved 491520K
  class space    used 9315K, committed 10560K, reserved 425984K
}
Event: 9.618 GC heap before
{Heap before GC invocations=22 (full 0):
 garbage-first heap   total 106496K, used 96427K [0x0000000080000000, 0x0000000100000000)
  region size 1024K, 31 young (31744K), 3 survivors (3072K)
 Metaspace       used 65351K, committed 67968K, reserved 491520K
  class space    used 9344K, committed 10624K, reserved 425984K
}
Event: 9.621 GC heap after
{Heap after GC invocations=23 (full 0):
 garbage-first heap   total 106496K, used 70636K [0x0000000080000000, 0x0000000100000000)
  region size 1024K, 3 young (3072K), 3 survivors (3072K)
 Metaspace       used 65351K, committed 67968K, reserved 491520K
  class space    used 9344K, committed 10624K, reserved 425984K
}
Event: 9.993 GC heap before
{Heap before GC invocations=24 (full 0):
 garbage-first heap   total 117760K, used 96236K [0x0000000080000000, 0x0000000100000000)
  region size 1024K, 28 young (28672K), 3 survivors (3072K)
 Metaspace       used 65630K, committed 68224K, reserved 491520K
  class space    used 9353K, committed 10624K, reserved 425984K
}
Event: 9.996 GC heap after
{Heap after GC invocations=25 (full 0):
 garbage-first heap   total 117760K, used 73931K [0x0000000080000000, 0x0000000100000000)
  region size 1024K, 4 young (4096K), 4 survivors (4096K)
 Metaspace       used 65630K, committed 68224K, reserved 491520K
  class space    used 9353K, committed 10624K, reserved 425984K
}
Event: 10.281 GC heap before
{Heap before GC invocations=25 (full 0):
 garbage-first heap   total 117760K, used 104651K [0x0000000080000000, 0x0000000100000000)
  region size 1024K, 35 young (35840K), 4 survivors (4096K)
 Metaspace       used 66124K, committed 68736K, reserved 491520K
  class space    used 9425K, committed 10688K, reserved 425984K
}
Event: 10.285 GC heap after
{Heap after GC invocations=26 (full 0):
 garbage-first heap   total 141312K, used 76060K [0x0000000080000000, 0x0000000100000000)
  region size 1024K, 3 young (3072K), 3 survivors (3072K)
 Metaspace       used 66124K, committed 68736K, reserved 491520K
  class space    used 9425K, committed 10688K, reserved 425984K
}
Event: 10.806 GC heap before
{Heap before GC invocations=26 (full 0):
 garbage-first heap   total 141312K, used 125212K [0x0000000080000000, 0x0000000100000000)
  region size 1024K, 52 young (53248K), 3 survivors (3072K)
 Metaspace       used 70011K, committed 72704K, reserved 491520K
  class space    used 10074K, committed 11392K, reserved 425984K
}
Event: 10.810 GC heap after
{Heap after GC invocations=27 (full 0):
 garbage-first heap   total 141312K, used 80628K [0x0000000080000000, 0x0000000100000000)
  region size 1024K, 7 young (7168K), 7 survivors (7168K)
 Metaspace       used 70011K, committed 72704K, reserved 491520K
  class space    used 10074K, committed 11392K, reserved 425984K
}
Event: 10.904 GC heap before
{Heap before GC invocations=27 (full 0):
 garbage-first heap   total 141312K, used 124660K [0x0000000080000000, 0x0000000100000000)
  region size 1024K, 51 young (52224K), 7 survivors (7168K)
 Metaspace       used 70107K, committed 72768K, reserved 491520K
  class space    used 10088K, committed 11392K, reserved 425984K
}
Event: 10.913 GC heap after
{Heap after GC invocations=28 (full 0):
 garbage-first heap   total 142336K, used 89185K [0x0000000080000000, 0x0000000100000000)
  region size 1024K, 7 young (7168K), 7 survivors (7168K)
 Metaspace       used 70107K, committed 72768K, reserved 491520K
  class space    used 10088K, committed 11392K, reserved 425984K
}
Event: 11.072 GC heap before
{Heap before GC invocations=28 (full 0):
 garbage-first heap   total 142336K, used 126049K [0x0000000080000000, 0x0000000100000000)
  region size 1024K, 43 young (44032K), 7 survivors (7168K)
 Metaspace       used 70291K, committed 72960K, reserved 491520K
  class space    used 10122K, committed 11456K, reserved 425984K
}
Event: 11.083 GC heap after
{Heap after GC invocations=29 (full 0):
 garbage-first heap   total 142336K, used 97031K [0x0000000080000000, 0x0000000100000000)
  region size 1024K, 6 young (6144K), 6 survivors (6144K)
 Metaspace       used 70291K, committed 72960K, reserved 491520K
  class space    used 10122K, committed 11456K, reserved 425984K
}
Event: 11.778 GC heap before
{Heap before GC invocations=30 (full 0):
 garbage-first heap   total 162816K, used 126727K [0x0000000080000000, 0x0000000100000000)
  region size 1024K, 35 young (35840K), 6 survivors (6144K)
 Metaspace       used 77856K, committed 80512K, reserved 557056K
  class space    used 11033K, committed 12352K, reserved 425984K
}
Event: 11.785 GC heap after
{Heap after GC invocations=31 (full 0):
 garbage-first heap   total 162816K, used 102773K [0x0000000080000000, 0x0000000100000000)
  region size 1024K, 5 young (5120K), 5 survivors (5120K)
 Metaspace       used 77856K, committed 80512K, reserved 557056K
  class space    used 11033K, committed 12352K, reserved 425984K
}
Event: 12.114 GC heap before
{Heap before GC invocations=31 (full 0):
 garbage-first heap   total 162816K, used 144757K [0x0000000080000000, 0x0000000100000000)
  region size 1024K, 45 young (46080K), 5 survivors (5120K)
 Metaspace       used 78250K, committed 80960K, reserved 557056K
  class space    used 11076K, committed 12416K, reserved 425984K
}
Event: 12.121 GC heap after
{Heap after GC invocations=32 (full 0):
 garbage-first heap   total 162816K, used 110043K [0x0000000080000000, 0x0000000100000000)
  region size 1024K, 6 young (6144K), 6 survivors (6144K)
 Metaspace       used 78250K, committed 80960K, reserved 557056K
  class space    used 11076K, committed 12416K, reserved 425984K
}
Event: 12.562 GC heap before
{Heap before GC invocations=32 (full 0):
 garbage-first heap   total 162816K, used 142811K [0x0000000080000000, 0x0000000100000000)
  region size 1024K, 39 young (39936K), 6 survivors (6144K)
 Metaspace       used 80112K, committed 82816K, reserved 557056K
  class space    used 11292K, committed 12608K, reserved 425984K
}
Event: 12.565 GC heap after
{Heap after GC invocations=33 (full 0):
 garbage-first heap   total 211968K, used 112147K [0x0000000080000000, 0x0000000100000000)
  region size 1024K, 2 young (2048K), 2 survivors (2048K)
 Metaspace       used 80112K, committed 82816K, reserved 557056K
  class space    used 11292K, committed 12608K, reserved 425984K
}

Dll operation events (15 events):
Event: 0.008 Loaded shared library C:\Users\Nargiz\.jdks\corretto-21.0.4\bin\java.dll
Event: 0.034 Loaded shared library C:\Users\Nargiz\.jdks\corretto-21.0.4\bin\jsvml.dll
Event: 0.068 Loaded shared library C:\Users\Nargiz\.jdks\corretto-21.0.4\bin\zip.dll
Event: 0.074 Loaded shared library C:\Users\Nargiz\.jdks\corretto-21.0.4\bin\instrument.dll
Event: 0.088 Loaded shared library C:\Users\Nargiz\.jdks\corretto-21.0.4\bin\net.dll
Event: 0.095 Loaded shared library C:\Users\Nargiz\.jdks\corretto-21.0.4\bin\nio.dll
Event: 0.097 Loaded shared library C:\Users\Nargiz\.jdks\corretto-21.0.4\bin\zip.dll
Event: 0.298 Loaded shared library C:\Users\Nargiz\.jdks\corretto-21.0.4\bin\jimage.dll
Event: 0.448 Loaded shared library C:\Users\Nargiz\.jdks\corretto-21.0.4\bin\verify.dll
Event: 0.471 Loaded shared library C:\Users\Nargiz\.gradle\native\660c5614fbf4a5f2a75b1949f50a0caf5cd603558e7d8a26e50b933a0cfb79d1\windows-amd64\native-platform.dll
Event: 0.484 Loaded shared library C:\Users\Nargiz\.gradle\native\0.2.8\x86_64-windows-gnu\gradle-fileevents.dll
Event: 1.201 Loaded shared library C:\Users\Nargiz\.jdks\corretto-21.0.4\bin\management.dll
Event: 1.206 Loaded shared library C:\Users\Nargiz\.jdks\corretto-21.0.4\bin\management_ext.dll
Event: 1.333 Loaded shared library C:\Users\Nargiz\.jdks\corretto-21.0.4\bin\extnet.dll
Event: 1.511 Loaded shared library C:\Users\Nargiz\.jdks\corretto-21.0.4\bin\sunmscapi.dll

Deoptimization events (20 events):
Event: 28.024 Thread 0x00000179589fa900 DEOPT PACKING pc=0x000001792aba1b2c sp=0x0000001464bfb6a0
Event: 28.024 Thread 0x00000179589fa900 DEOPT UNPACKING pc=0x000001792a467da2 sp=0x0000001464bfb688 mode 2
Event: 28.026 Thread 0x00000179589fa900 Uncommon trap: trap_request=0xffffff45 fr.pc=0x000001792abca27c relative=0x000000000000121c
Event: 28.026 Thread 0x00000179589fa900 Uncommon trap: reason=unstable_if action=reinterpret pc=0x000001792abca27c method=sun.security.provider.SHA2.implReset()V @ 8 c2
Event: 28.026 Thread 0x00000179589fa900 DEOPT PACKING pc=0x000001792abca27c sp=0x0000001464bfb7c0
Event: 28.026 Thread 0x00000179589fa900 DEOPT UNPACKING pc=0x000001792a467da2 sp=0x0000001464bfb530 mode 2
Event: 28.026 Thread 0x00000179589fa900 Uncommon trap: trap_request=0xffffff45 fr.pc=0x000001792abc7ab4 relative=0x0000000000000934
Event: 28.026 Thread 0x00000179589fa900 Uncommon trap: reason=unstable_if action=reinterpret pc=0x000001792abc7ab4 method=com.sun.crypto.provider.HmacCore.engineUpdate([BII)V @ 5 c2
Event: 28.026 Thread 0x00000179589fa900 DEOPT PACKING pc=0x000001792abc7ab4 sp=0x0000001464bfb1d0
Event: 28.026 Thread 0x00000179589fa900 DEOPT UNPACKING pc=0x000001792a467da2 sp=0x0000001464bfb130 mode 2
Event: 28.026 Thread 0x00000179589fa900 Uncommon trap: trap_request=0xffffff45 fr.pc=0x000001792abcd938 relative=0x0000000000000f78
Event: 28.026 Thread 0x00000179589fa900 Uncommon trap: reason=unstable_if action=reinterpret pc=0x000001792abcd938 method=sun.security.provider.SHA2.implReset()V @ 8 c2
Event: 28.026 Thread 0x00000179589fa900 DEOPT PACKING pc=0x000001792abcd938 sp=0x0000001464bfb0f0
Event: 28.027 Thread 0x00000179589fa900 DEOPT UNPACKING pc=0x000001792a467da2 sp=0x0000001464bfaeb8 mode 2
Event: 28.027 Thread 0x00000179589fa900 DEOPT PACKING pc=0x0000017923569fe3 sp=0x0000001464bfb250
Event: 28.027 Thread 0x00000179589fa900 DEOPT UNPACKING pc=0x000001792a4688e2 sp=0x0000001464bfa720 mode 0
Event: 28.027 Thread 0x00000179589fa900 Uncommon trap: trap_request=0xffffff45 fr.pc=0x000001792abdb494 relative=0x0000000000004f94
Event: 28.027 Thread 0x00000179589fa900 Uncommon trap: reason=unstable_if action=reinterpret pc=0x000001792abdb494 method=sun.security.provider.SHA2.implReset()V @ 8 c2
Event: 28.027 Thread 0x00000179589fa900 DEOPT PACKING pc=0x000001792abdb494 sp=0x0000001464bfb220
Event: 28.027 Thread 0x00000179589fa900 DEOPT UNPACKING pc=0x000001792a467da2 sp=0x0000001464bfaf28 mode 2

Classes loaded (20 events):
Event: 13.096 Loading class jdk/internal/icu/util/CodePointTrie$Data16
Event: 13.096 Loading class jdk/internal/icu/util/CodePointTrie$Data
Event: 13.096 Loading class jdk/internal/icu/util/CodePointTrie$Data done
Event: 13.096 Loading class jdk/internal/icu/util/CodePointTrie$Data16 done
Event: 13.097 Loading class jdk/internal/icu/impl/Norm2AllModes$ComposeNormalizer2
Event: 13.097 Loading class jdk/internal/icu/impl/Norm2AllModes$Normalizer2WithImpl
Event: 13.097 Loading class jdk/internal/icu/impl/Norm2AllModes$Normalizer2WithImpl done
Event: 13.097 Loading class jdk/internal/icu/impl/Norm2AllModes$ComposeNormalizer2 done
Event: 13.097 Loading class jdk/internal/icu/impl/Norm2AllModes$DecomposeNormalizer2
Event: 13.097 Loading class jdk/internal/icu/impl/Norm2AllModes$DecomposeNormalizer2 done
Event: 13.097 Loading class java/nio/StringCharBuffer
Event: 13.097 Loading class java/nio/StringCharBuffer done
Event: 13.160 Loading class java/time/Instant$1
Event: 13.160 Loading class java/time/Instant$1 done
Event: 13.198 Loading class java/util/concurrent/CompletableFuture$AsyncRun
Event: 13.198 Loading class java/util/concurrent/CompletableFuture$AsyncRun done
Event: 28.004 Loading class jdk/internal/math/FormattedFPDecimal
Event: 28.004 Loading class jdk/internal/math/FormattedFPDecimal done
Event: 28.004 Loading class sun/text/resources/cldr/FormatData_en
Event: 28.005 Loading class sun/text/resources/cldr/FormatData_en done

Classes unloaded (1 events):
Event: 11.149 Thread 0x000001793749bf80 Unloading class 0x0000017939b04400 'java/lang/invoke/LambdaForm$DMH+0x0000017939b04400'

Classes redefined (0 events):
No events

Internal exceptions (20 events):
Event: 12.723 Thread 0x000001795c94a620 Exception <a 'sun/nio/fs/WindowsException'{0x000000008c5be070}> (0x000000008c5be070) 
thrown [s\src\hotspot\share\prims\jni.cpp, line 520]
Event: 12.912 Thread 0x000001795c94a620 Implicit null exception at 0x000001792adef033 to 0x000001792adf0090
Event: 13.016 Thread 0x0000017958a5db30 Exception <a 'java/lang/NoSuchMethodError'{0x000000008ae704c0}: static Lorg/gradle/internal/build/event/types/DefaultJavaCompileTaskSuccessResult;.<clinit>()V> (0x000000008ae704c0) 
thrown [s\src\hotspot\share\prims\jni.cpp, line 1111]
Event: 13.018 Thread 0x0000017958a5db30 Implicit null exception at 0x000001792aedd3b3 to 0x000001792aede0a0
Event: 13.020 Thread 0x0000017958a5db30 Exception <a 'java/lang/NoSuchMethodError'{0x000000008aec5450}: static [Ljava/lang/Object;.<clinit>()V> (0x000000008aec5450) 
thrown [s\src\hotspot\share\prims\jni.cpp, line 1111]
Event: 13.022 Thread 0x0000017958a5db30 Implicit null exception at 0x000001792aedb24c to 0x000001792aedb714
Event: 13.025 Thread 0x00000179589fa900 Implicit null exception at 0x000001792af4d387 to 0x000001792af4d804
Event: 13.031 Thread 0x00000179589fa900 Exception <a 'sun/nio/fs/WindowsException'{0x000000008ad27e80}> (0x000000008ad27e80) 
thrown [s\src\hotspot\share\prims\jni.cpp, line 520]
Event: 13.041 Thread 0x0000017959d5c5e0 Exception <a 'sun/nio/fs/WindowsException'{0x000000008adc9e60}> (0x000000008adc9e60) 
thrown [s\src\hotspot\share\prims\jni.cpp, line 520]
Event: 13.041 Thread 0x0000017959d5c5e0 Exception <a 'sun/nio/fs/WindowsException'{0x000000008adca100}> (0x000000008adca100) 
thrown [s\src\hotspot\share\prims\jni.cpp, line 520]
Event: 13.083 Thread 0x0000017959d5c5e0 Exception <a 'sun/nio/fs/WindowsException'{0x000000008addbe60}> (0x000000008addbe60) 
thrown [s\src\hotspot\share\prims\jni.cpp, line 520]
Event: 13.118 Thread 0x00000179589fa900 Exception <a 'java/lang/IncompatibleClassChangeError'{0x000000008ab26460}: Found class java.lang.Object, but interface was expected> (0x000000008ab26460) 
thrown [s\src\hotspot\share\interpreter\linkResolver.cpp, line 840]
Event: 13.120 Thread 0x00000179589fa900 Exception <a 'java/lang/IncompatibleClassChangeError'{0x000000008ab28340}: Found class java.lang.Object, but interface was expected> (0x000000008ab28340) 
thrown [s\src\hotspot\share\interpreter\linkResolver.cpp, line 840]
Event: 13.123 Thread 0x00000179589fa900 Exception <a 'sun/nio/fs/WindowsException'{0x000000008ab4cd50}> (0x000000008ab4cd50) 
thrown [s\src\hotspot\share\prims\jni.cpp, line 520]
Event: 13.124 Thread 0x00000179589fa900 Exception <a 'sun/nio/fs/WindowsException'{0x000000008ab5a878}> (0x000000008ab5a878) 
thrown [s\src\hotspot\share\prims\jni.cpp, line 520]
Event: 13.125 Thread 0x00000179589fa900 Exception <a 'sun/nio/fs/WindowsException'{0x000000008ab5b808}> (0x000000008ab5b808) 
thrown [s\src\hotspot\share\prims\jni.cpp, line 520]
Event: 13.141 Thread 0x00000179589fa900 Exception <a 'java/lang/IncompatibleClassChangeError'{0x000000008abb87f0}: Found class java.lang.Object, but interface was expected> (0x000000008abb87f0) 
thrown [s\src\hotspot\share\interpreter\linkResolver.cpp, line 840]
Event: 28.026 Thread 0x00000179589fa900 Implicit null exception at 0x000001792abc91d7 to 0x000001792abca23c
Event: 28.026 Thread 0x00000179589fa900 Implicit null exception at 0x000001792abccb00 to 0x000001792abcd914
Event: 28.027 Thread 0x00000179589fa900 Implicit null exception at 0x000001792abd6d27 to 0x000001792abdb3d4

ZGC Phase Switch (0 events):
No events

VM Operations (20 events):
Event: 13.009 Executing VM operation: HandshakeAllThreads (Deoptimize)
Event: 13.009 Executing VM operation: HandshakeAllThreads (Deoptimize) done
Event: 13.010 Executing VM operation: HandshakeAllThreads (Deoptimize)
Event: 13.011 Executing VM operation: HandshakeAllThreads (Deoptimize) done
Event: 13.035 Executing VM operation: HandshakeAllThreads (Deoptimize)
Event: 13.036 Executing VM operation: HandshakeAllThreads (Deoptimize) done
Event: 13.094 Executing VM operation: HandshakeAllThreads (Deoptimize)
Event: 13.095 Executing VM operation: HandshakeAllThreads (Deoptimize) done
Event: 13.096 Executing VM operation: HandshakeAllThreads (Deoptimize)
Event: 13.096 Executing VM operation: HandshakeAllThreads (Deoptimize) done
Event: 14.107 Executing VM operation: Cleanup
Event: 14.107 Executing VM operation: Cleanup done
Event: 15.120 Executing VM operation: Cleanup
Event: 15.120 Executing VM operation: Cleanup done
Event: 19.145 Executing VM operation: Cleanup
Event: 19.145 Executing VM operation: Cleanup done
Event: 22.170 Executing VM operation: Cleanup
Event: 22.170 Executing VM operation: Cleanup done
Event: 27.234 Executing VM operation: Cleanup
Event: 27.234 Executing VM operation: Cleanup done

Memory protections (0 events):
No events

Nmethod flushes (20 events):
Event: 12.648 Thread 0x000001793749bf80 flushing  nmethod 0x00000179239f1910
Event: 12.648 Thread 0x000001793749bf80 flushing  nmethod 0x00000179239fad10
Event: 12.648 Thread 0x000001793749bf80 flushing  nmethod 0x0000017923b1d090
Event: 12.648 Thread 0x000001793749bf80 flushing  nmethod 0x0000017923b1f210
Event: 12.648 Thread 0x000001793749bf80 flushing  nmethod 0x0000017923ef3410
Event: 12.648 Thread 0x000001793749bf80 flushing  nmethod 0x0000017923f9bd10
Event: 12.648 Thread 0x000001793749bf80 flushing  nmethod 0x0000017923fe2b10
Event: 12.648 Thread 0x000001793749bf80 flushing  nmethod 0x0000017923fe4110
Event: 12.648 Thread 0x000001793749bf80 flushing  nmethod 0x0000017923fea290
Event: 12.648 Thread 0x000001793749bf80 flushing  nmethod 0x0000017924333d10
Event: 12.648 Thread 0x000001793749bf80 flushing  nmethod 0x0000017924334410
Event: 12.648 Thread 0x000001793749bf80 flushing  nmethod 0x0000017924334890
Event: 12.648 Thread 0x000001793749bf80 flushing  nmethod 0x0000017924334e90
Event: 12.648 Thread 0x000001793749bf80 flushing  nmethod 0x0000017924335a90
Event: 12.648 Thread 0x000001793749bf80 flushing  nmethod 0x0000017924336410
Event: 12.648 Thread 0x000001793749bf80 flushing  nmethod 0x000001792433a810
Event: 12.648 Thread 0x000001793749bf80 flushing  nmethod 0x0000017924382290
Event: 12.648 Thread 0x000001793749bf80 flushing  nmethod 0x0000017924383110
Event: 12.648 Thread 0x000001793749bf80 flushing  nmethod 0x000001792438bb90
Event: 12.648 Thread 0x000001793749bf80 flushing  nmethod 0x000001792439c610

Events (20 events):
Event: 13.167 Thread 0x000001795cacd0e0 Thread exited: 0x000001795cacd0e0
Event: 13.174 Thread 0x0000017958a5db30 Thread exited: 0x0000017958a5db30
Event: 13.175 Thread 0x0000017958a5b3d0 Thread exited: 0x0000017958a5b3d0
Event: 13.175 Thread 0x000001795cacc3c0 Thread exited: 0x000001795cacc3c0
Event: 13.190 Thread 0x0000017958a5ad40 Thread exited: 0x0000017958a5ad40
Event: 13.198 Thread 0x00000179589d8380 Thread added: 0x000001795cacc3c0
Event: 13.199 Thread 0x0000017958a02030 Thread exited: 0x0000017958a02030
Event: 13.201 Thread 0x00000179589d89f0 Thread exited: 0x00000179589d89f0
Event: 14.247 Thread 0x000001795994a050 Thread exited: 0x000001795994a050
Event: 14.247 Thread 0x000001793786e820 Thread exited: 0x000001793786e820
Event: 27.993 Thread 0x00000179589d8380 Thread added: 0x000001795cacf840
Event: 27.997 Thread 0x00000179589d8380 Thread added: 0x000001795cacca50
Event: 28.003 Thread 0x00000179589fa900 Thread added: 0x000001795cacd0e0
Event: 28.006 Thread 0x00000179589fa900 Thread added: 0x000001795cace490
Event: 28.006 Thread 0x00000179589fa900 Thread added: 0x000001795caceb20
Event: 28.017 Thread 0x00000179589fa900 Thread added: 0x000001795babcfe0
Event: 28.018 Thread 0x00000179589fa900 Thread added: 0x000001795babf0b0
Event: 28.021 Thread 0x00000179589fa900 Thread added: 0x000001795babd670
Event: 28.023 Thread 0x00000179374c8af0 Thread added: 0x000001793786e820
Event: 28.028 Thread 0x00000179374c8af0 Thread added: 0x000001795e7398a0


Dynamic libraries:
0x00007ff728420000 - 0x00007ff72842e000 	C:\Users\Nargiz\.jdks\corretto-21.0.4\bin\java.exe
0x00007ffaf2e50000 - 0x00007ffaf3048000 	C:\WINDOWS\SYSTEM32\ntdll.dll
0x00007ffaf2940000 - 0x00007ffaf2a02000 	C:\WINDOWS\System32\KERNEL32.DLL
0x00007ffaf0a40000 - 0x00007ffaf0d36000 	C:\WINDOWS\System32\KERNELBASE.dll
0x00007ffaf06c0000 - 0x00007ffaf07c0000 	C:\WINDOWS\System32\ucrtbase.dll
0x00007ffaeabe0000 - 0x00007ffaeabf8000 	C:\Users\Nargiz\.jdks\corretto-21.0.4\bin\jli.dll
0x00007ffaea400000 - 0x00007ffaea41b000 	C:\Users\Nargiz\.jdks\corretto-21.0.4\bin\VCRUNTIME140.dll
0x00007ffaf2be0000 - 0x00007ffaf2d81000 	C:\WINDOWS\System32\USER32.dll
0x00007ffaf05f0000 - 0x00007ffaf0612000 	C:\WINDOWS\System32\win32u.dll
0x00007ffac3650000 - 0x00007ffac38eb000 	C:\WINDOWS\WinSxS\amd64_microsoft.windows.common-controls_6595b64144ccf1df_6.0.19041.6456_none_60b8a6cb71f64256\COMCTL32.dll
0x00007ffaf1230000 - 0x00007ffaf125b000 	C:\WINDOWS\System32\GDI32.dll
0x00007ffaf2a20000 - 0x00007ffaf2abe000 	C:\WINDOWS\System32\msvcrt.dll
0x00007ffaf0920000 - 0x00007ffaf0a39000 	C:\WINDOWS\System32\gdi32full.dll
0x00007ffaf0620000 - 0x00007ffaf06bd000 	C:\WINDOWS\System32\msvcp_win.dll
0x00007ffaf0e80000 - 0x00007ffaf0eaf000 	C:\WINDOWS\System32\IMM32.DLL
0x00007ffaebea0000 - 0x00007ffaebeac000 	C:\Users\Nargiz\.jdks\corretto-21.0.4\bin\vcruntime140_1.dll
0x00007ffab9120000 - 0x00007ffab91ad000 	C:\Users\Nargiz\.jdks\corretto-21.0.4\bin\msvcp140.dll
0x00007ffa4ba40000 - 0x00007ffa4c7d6000 	C:\Users\Nargiz\.jdks\corretto-21.0.4\bin\server\jvm.dll
0x00007ffaf1690000 - 0x00007ffaf1741000 	C:\WINDOWS\System32\ADVAPI32.dll
0x00007ffaf0eb0000 - 0x00007ffaf0f4f000 	C:\WINDOWS\System32\sechost.dll
0x00007ffaf2ac0000 - 0x00007ffaf2be0000 	C:\WINDOWS\System32\RPCRT4.dll
0x00007ffaf0d40000 - 0x00007ffaf0d67000 	C:\WINDOWS\System32\bcrypt.dll
0x00007ffaf24a0000 - 0x00007ffaf250b000 	C:\WINDOWS\System32\WS2_32.dll
0x00007ffaefef0000 - 0x00007ffaeff3b000 	C:\WINDOWS\SYSTEM32\POWRPROF.dll
0x00007ffae9730000 - 0x00007ffae9757000 	C:\WINDOWS\SYSTEM32\WINMM.dll
0x00007ffaeb080000 - 0x00007ffaeb08a000 	C:\WINDOWS\SYSTEM32\VERSION.dll
0x00007ffaefed0000 - 0x00007ffaefee2000 	C:\WINDOWS\SYSTEM32\UMPDC.dll
0x00007ffaeed00000 - 0x00007ffaeed12000 	C:\WINDOWS\SYSTEM32\kernel.appcore.dll
0x00007ffaea3b0000 - 0x00007ffaea3ba000 	C:\Users\Nargiz\.jdks\corretto-21.0.4\bin\jimage.dll
0x00007ffaedf50000 - 0x00007ffaee151000 	C:\WINDOWS\SYSTEM32\DBGHELP.DLL
0x00007ffae1c40000 - 0x00007ffae1c74000 	C:\WINDOWS\SYSTEM32\dbgcore.DLL
0x00007ffaf0560000 - 0x00007ffaf05e2000 	C:\WINDOWS\System32\bcryptPrimitives.dll
0x00007ffaea3a0000 - 0x00007ffaea3ae000 	C:\Users\Nargiz\.jdks\corretto-21.0.4\bin\instrument.dll
0x00007ffae9e30000 - 0x00007ffae9e4f000 	C:\Users\Nargiz\.jdks\corretto-21.0.4\bin\java.dll
0x00007ffaf1750000 - 0x00007ffaf1ec0000 	C:\WINDOWS\System32\SHELL32.dll
0x00007ffaee4f0000 - 0x00007ffaeec95000 	C:\WINDOWS\SYSTEM32\windows.storage.dll
0x00007ffaf2510000 - 0x00007ffaf2864000 	C:\WINDOWS\System32\combase.dll
0x00007ffaefd50000 - 0x00007ffaefd7b000 	C:\WINDOWS\SYSTEM32\Wldp.dll
0x00007ffaf1270000 - 0x00007ffaf133d000 	C:\WINDOWS\System32\OLEAUT32.dll
0x00007ffaf23f0000 - 0x00007ffaf249d000 	C:\WINDOWS\System32\SHCORE.dll
0x00007ffaf15d0000 - 0x00007ffaf162b000 	C:\WINDOWS\System32\shlwapi.dll
0x00007ffaf0410000 - 0x00007ffaf0434000 	C:\WINDOWS\SYSTEM32\profapi.dll
0x00007ffaa3660000 - 0x00007ffaa3737000 	C:\Users\Nargiz\.jdks\corretto-21.0.4\bin\jsvml.dll
0x00007ffac3c50000 - 0x00007ffac3c68000 	C:\Users\Nargiz\.jdks\corretto-21.0.4\bin\zip.dll
0x00007ffae0b90000 - 0x00007ffae0ba0000 	C:\Users\Nargiz\.jdks\corretto-21.0.4\bin\net.dll
0x00007ffaec6b0000 - 0x00007ffaec7ba000 	C:\WINDOWS\SYSTEM32\WINHTTP.dll
0x00007ffaefb30000 - 0x00007ffaefb9a000 	C:\WINDOWS\system32\mswsock.dll
0x00007ffab9100000 - 0x00007ffab9116000 	C:\Users\Nargiz\.jdks\corretto-21.0.4\bin\nio.dll
0x00007ffac4d50000 - 0x00007ffac4d60000 	C:\Users\Nargiz\.jdks\corretto-21.0.4\bin\verify.dll
0x00007ffac4d60000 - 0x00007ffac4d87000 	C:\Users\Nargiz\.gradle\native\660c5614fbf4a5f2a75b1949f50a0caf5cd603558e7d8a26e50b933a0cfb79d1\windows-amd64\native-platform.dll
0x00007ffab9080000 - 0x00007ffab90f7000 	C:\Users\Nargiz\.gradle\native\0.2.8\x86_64-windows-gnu\gradle-fileevents.dll
0x00007ffac3de0000 - 0x00007ffac3de9000 	C:\Users\Nargiz\.jdks\corretto-21.0.4\bin\management.dll
0x00007ffac3c40000 - 0x00007ffac3c4b000 	C:\Users\Nargiz\.jdks\corretto-21.0.4\bin\management_ext.dll
0x00007ffaf1260000 - 0x00007ffaf1268000 	C:\WINDOWS\System32\PSAPI.DLL
0x00007ffaef830000 - 0x00007ffaef86b000 	C:\WINDOWS\SYSTEM32\IPHLPAPI.DLL
0x00007ffaf0e70000 - 0x00007ffaf0e78000 	C:\WINDOWS\System32\NSI.dll
0x00007ffaba700000 - 0x00007ffaba709000 	C:\Users\Nargiz\.jdks\corretto-21.0.4\bin\extnet.dll
0x00007ffaefe00000 - 0x00007ffaefe18000 	C:\WINDOWS\SYSTEM32\CRYPTSP.dll
0x00007ffaef470000 - 0x00007ffaef4a8000 	C:\WINDOWS\system32\rsaenh.dll
0x00007ffaf0390000 - 0x00007ffaf03be000 	C:\WINDOWS\SYSTEM32\USERENV.dll
0x00007ffaefcc0000 - 0x00007ffaefccc000 	C:\WINDOWS\SYSTEM32\CRYPTBASE.dll
0x00007ffaba2f0000 - 0x00007ffaba2fe000 	C:\Users\Nargiz\.jdks\corretto-21.0.4\bin\sunmscapi.dll
0x00007ffaf07c0000 - 0x00007ffaf091d000 	C:\WINDOWS\System32\CRYPT32.dll
0x00007ffaeff80000 - 0x00007ffaeffa7000 	C:\WINDOWS\SYSTEM32\ncrypt.dll
0x00007ffaeff40000 - 0x00007ffaeff7b000 	C:\WINDOWS\SYSTEM32\NTASN1.dll
0x00007ffaba0b0000 - 0x00007ffaba0b7000 	C:\WINDOWS\system32\wshunix.dll
0x00007ffaef6c0000 - 0x00007ffaef6f3000 	C:\WINDOWS\SYSTEM32\ntmarta.dll

dbghelp: loaded successfully - version: 4.0.5 - missing functions: none
symbol engine: initialized successfully - sym options: 0x614 - pdb path: .;C:\Users\Nargiz\.jdks\corretto-21.0.4\bin;C:\WINDOWS\SYSTEM32;C:\WINDOWS\WinSxS\amd64_microsoft.windows.common-controls_6595b64144ccf1df_6.0.19041.6456_none_60b8a6cb71f64256;C:\Users\Nargiz\.jdks\corretto-21.0.4\bin\server;C:\Users\Nargiz\.gradle\native\660c5614fbf4a5f2a75b1949f50a0caf5cd603558e7d8a26e50b933a0cfb79d1\windows-amd64;C:\Users\Nargiz\.gradle\native\0.2.8\x86_64-windows-gnu

VM Arguments:
jvm_args: --add-opens=java.base/java.lang=ALL-UNNAMED --add-opens=java.base/java.lang.invoke=ALL-UNNAMED --add-opens=java.base/java.util=ALL-UNNAMED --add-opens=java.prefs/java.util.prefs=ALL-UNNAMED --add-exports=jdk.compiler/com.sun.tools.javac.api=ALL-UNNAMED --add-exports=jdk.compiler/com.sun.tools.javac.util=ALL-UNNAMED --add-opens=java.base/java.util=ALL-UNNAMED --add-opens=java.prefs/java.util.prefs=ALL-UNNAMED --add-opens=java.base/java.nio.charset=ALL-UNNAMED --add-opens=java.base/java.net=ALL-UNNAMED --add-opens=java.base/java.util.concurrent=ALL-UNNAMED --add-opens=java.base/java.util.concurrent.atomic=ALL-UNNAMED --add-opens=java.xml/javax.xml.namespace=ALL-UNNAMED --add-opens=java.base/java.time=ALL-UNNAMED -XX:MaxMetaspaceSize=512m -XX:+HeapDumpOnOutOfMemoryError -Xmx2048m -Dfile.encoding=UTF-8 -Duser.country=RU -Duser.language=ru -Duser.variant -javaagent:C:\Users\Nargiz\.gradle\wrapper\dists\gradle-9.2.1-bin\2t0n5ozlw9xmuyvbp7dnzaxug\gradle-9.2.1\lib\agents\gradle-instrumentation-agent-9.2.1.jar 
java_command: org.gradle.launcher.daemon.bootstrap.GradleDaemon 9.2.1
java_class_path (initial): C:\Users\Nargiz\.gradle\wrapper\dists\gradle-9.2.1-bin\2t0n5ozlw9xmuyvbp7dnzaxug\gradle-9.2.1\lib\gradle-daemon-main-9.2.1.jar
Launcher Type: SUN_STANDARD

[Global flags]
     intx CICompilerCount                          = 4                                         {product} {ergonomic}
   size_t CompressedClassSpaceSize                 = 436207616                                 {product} {ergonomic}
     uint ConcGCThreads                            = 2                                         {product} {ergonomic}
     uint G1ConcRefinementThreads                  = 8                                         {product} {ergonomic}
   size_t G1HeapRegionSize                         = 1048576                                   {product} {ergonomic}
    uintx GCDrainStackTargetSize                   = 64                                        {product} {ergonomic}
     bool HeapDumpOnOutOfMemoryError               = true                                   {manageable} {command line}
   size_t InitialHeapSize                          = 266338304                                 {product} {ergonomic}
   size_t MarkStackSize                            = 4194304                                   {product} {ergonomic}
   size_t MaxHeapSize                              = 2147483648                                {product} {command line}
   size_t MaxMetaspaceSize                         = 536870912                                 {product} {command line}
   size_t MaxNewSize                               = 1287651328                                {product} {ergonomic}
   size_t MinHeapDeltaBytes                        = 1048576                                   {product} {ergonomic}
   size_t MinHeapSize                              = 8388608                                   {product} {ergonomic}
    uintx NonNMethodCodeHeapSize                   = 5839372                                {pd product} {ergonomic}
    uintx NonProfiledCodeHeapSize                  = 122909434                              {pd product} {ergonomic}
    uintx ProfiledCodeHeapSize                     = 122909434                              {pd product} {ergonomic}
    uintx ReservedCodeCacheSize                    = 251658240                              {pd product} {ergonomic}
     bool SegmentedCodeCache                       = true                                      {product} {ergonomic}
   size_t SoftMaxHeapSize                          = 2147483648                             {manageable} {ergonomic}
     bool UseCompressedOops                        = true                           {product lp64_product} {ergonomic}
     bool UseG1GC                                  = true                                      {product} {ergonomic}
     bool UseLargePagesIndividualAllocation        = false                                  {pd product} {ergonomic}

Logging:
Log output configuration:
 #0: stdout all=warning uptime,level,tags foldmultilines=false
 #1: stderr all=off uptime,level,tags foldmultilines=false

Environment Variables:
JAVA_HOME=C:\Java\jdk-18.0.2.1
PATH=C:\Program Files\Common Files\Oracle\Java\javapath;C:\WINDOWS\system32;C:\WINDOWS;C:\WINDOWS\System32\Wbem;C:\WINDOWS\System32\WindowsPowerShell\v1.0\;C:\WINDOWS\System32\OpenSSH\;C:\Program Files\Git\cmd;C:\Users\Nargiz\Desktop\Java\jdk-18.0.2.1\bin;C:\Program Files (x86)\Microsoft SQL Server\160\DTS\Binn\;C:\Program Files\Azure Data Studio\bin;C:\Program Files\nodejs\;C:\Program Files\cursor\resources\app\bin;C:\Program Files\Docker\Docker\resources\bin;C:\Users\Nargiz\AppData\Local\Microsoft\WindowsApps;C:\Program Files\Azure Data Studio\bin;C:\Users\Nargiz\AppData\Local\GitHubDesktop\bin;C:\Users\Nargiz\AppData\Local\Programs\Microsoft VS Code\bin;C:\Users\Nargiz\AppData\Roaming\npm;C:\Program Files\JetBrains\WebStorm 2025.2.3\bin;C:\Users\Nargiz\AppData\Local\JetBrains\Toolbox\scripts;C:\Users\Nargiz\AppData\Local\Programs\Windsurf\bin
USERNAME=Nargiz
OS=Windows_NT
PROCESSOR_IDENTIFIER=Intel64 Family 6 Model 140 Stepping 1, GenuineIntel
TMP=C:\Users\Nargiz\AppData\Local\Temp
TEMP=C:\Users\Nargiz\AppData\Local\Temp




Periodic native trim disabled

---------------  S Y S T E M  ---------------

OS:
 Windows 10 , 64 bit Build 19041 (10.0.19041.5915)
OS uptime: 0 days 1:13 hours
Hyper-V role detected

CPU: total 8 (initial active 8) (4 cores per cpu, 2 threads per core) family 6 model 140 stepping 1 microcode 0x6e, cx8, cmov, fxsr, ht, mmx, 3dnowpref, sse, sse2, sse3, ssse3, sse4.1, sse4.2, popcnt, lzcnt, tsc, tscinvbit, avx, avx2, aes, erms, clmul, bmi1, bmi2, adx, avx512f, avx512dq, avx512cd, avx512bw, avx512vl, sha, fma, vzeroupper, avx512_vpopcntdq, avx512_vpclmulqdq, avx512_vaes, avx512_vnni, clflush, clflushopt, clwb, avx512_vbmi2, avx512_vbmi, hv, rdtscp, rdpid, fsrm, gfni, avx512_bitalg, f16c, cet_ibt, cet_ss, avx512_ifma
Processor Information for all 8 processors :
  Max Mhz: 2419, Current Mhz: 2419, Mhz Limit: 2419

Memory: 4k page, system-wide physical 16183M (1363M free)
TotalPageFile size 18231M (AvailPageFile size 2M)
current process WorkingSet (physical memory assigned to process): 429M, peak: 473M
current process commit charge ("private bytes"): 489M, peak: 536M

vm_info: OpenJDK 64-Bit Server VM (21.0.4+7-LTS) for windows-amd64 JRE (21.0.4+7-LTS), built on 2024-07-10T17:34:29Z by "Administrator" with MS VC++ 16.10 / 16.11 (VS2019)

END.
